Microchip Technology Inc, v1.70 (A)

Tool Name:
  /Applications/microchip/xc16/v1.70/bin/bin/../bin/elf-ld

Command:
  -p24FJ128GC006 \
  -o \
  oscope4.elf \
  -L/Applications/microchip/xc16/v1.70/bin/bin/.. \
  -L/Applications/microchip/xc16/v1.70/bin/bin/../../lib \
  -L/Applications/microchip/xc16/v1.70/bin/bin/../../support/PIC24E/gld \
  -L/Applications/microchip/xc16/v1.70/bin/bin/../../support/PIC24F/gld \
  -L/Applications/microchip/xc16/v1.70/bin/bin/../../support/PIC24H/gld \
  -L/Applications/microchip/xc16/v1.70/bin/bin/../../support/dsPIC30F/gld \
  -L/Applications/microchip/xc16/v1.70/bin/bin/../../support/dsPIC33C/gld \
  -L/Applications/microchip/xc16/v1.70/bin/bin/../../support/dsPIC33E/gld \
  -L/Applications/microchip/xc16/v1.70/bin/bin/../../support/dsPIC33F/gld \
  -Tapp_p24FJ128GC006.gld.00 \
  -Map=oscope4.map \
  oscope_main.o \
  oscope.o \
  wavegen.o \
  scope.o \
  sweep_at_4MSps.o \
  digout.o \
  parser.o \
  cdc.o \
  descriptors.o \
  usb.o \
  -start-group \
  --library=lega-pic30-elf \
  --library=m-elf \
  --library=lega-c-elf \
  -end-group \


Optional library libpPIC24Fxxx.a not found
Archive member included because of file (symbol)

/Applications/microchip/xc16/v1.70/bin/bin/../../lib/liblega-pic30-elf.a(crt0_extended24.o)
                              (__resetPRI)
/Applications/microchip/xc16/v1.70/bin/bin/../../lib/liblega-pic30-elf.a(data_init_24.o)
                              /Applications/microchip/xc16/v1.70/bin/bin/../../lib/liblega-pic30-elf.a(crt0_extended24.o) (__data_init_da)
/Applications/microchip/xc16/v1.70/bin/bin/../../lib/liblega-pic30-elf.a(crt_start_mode_normalda.Leo)
                              (__crt_start_mode_normal)
/Applications/microchip/xc16/v1.70/bin/bin/../../lib/libm-elf.a(udivsi3.daeo)
                              digout.o (___udivsi3)


xc16-ld 1.70 (A)

Default Code Model: Small
Default Data Model: Large
Default Scalar Model: Small

"program" Memory  [Origin = 0x1140, Length = 0x142c0]

section                    address   length (PC units)   length (bytes) (dec)
-------                    -------   -----------------   --------------------
.text                       0x1140               0x266           0x399  (921)
.const                      0x13a6               0x298           0x3e4  (996)
.text                       0x163e              0x5ed0          0x8e38  (36408)
.isr.text                   0x750e               0x14e           0x1f5  (501)
.dinit                      0x765c               0x148           0x1ec  (492)
.text                       0x77a4               0x1ac           0x282  (642)
.isr.text                   0x7950                0x62            0x93  (147)
.isr                        0x79b2                 0x4             0x6  (6)

                 Total "program" memory used (bytes):         0x9cb1  (40113) 32%


"data" Memory  [Origin = 0x800, Length = 0x2000]

section                    address      alignment gaps    total length  (dec)
-------                    -------      --------------    -------------------
.ndata                       0x800                   0            0x20  (32)
.nbss                        0x820                   0            0x68  (104)
.bss                         0x888                   0          0x1a0e  (6670)
.data                       0x2296                   0           0x110  (272)
.bss                        0x23a6                   0            0x4e  (78)
_0x10486ba00619da0e8        0x2400                   0            0x80  (128)
.bss                        0x2480                   0            0x80  (128)
_0x104c86640619da0e8        0x2500                   0            0x40  (64)
_0x104c866e0619da0e8        0x2540                   0            0x40  (64)
.data                       0x2580                   0            0x1e  (30)

                 Total "data" memory used (bytes):         0x1d92  (7570) 92%


Dynamic Memory Usage

region                     address                      maximum length  (dec)
------                     -------                      ---------------------
heap                             0                                   0  (0)
stack                       0x259e                               0x262  (610)

                 Maximum dynamic memory (bytes):          0x262  (610)


External Symbols in Data Memory (by address):

                    0x0800                  _pwm_OCxRS_save
                    0x0808                  _pwm_OCxR_save
                    0x0810                  _servo_OCxRS_save
                    0x0818                  _servo_OCxR_save
                    0x0820                  _shape_val
                    0x0822                  _freq_val_l
                    0x0824                  _freq_val_h
                    0x0826                  _phase_val
                    0x0828                  _amplitude_val
                    0x082a                  _offset_val
[...]
Memory Configuration

Name             Origin             Length             Attributes
data             0x000800           0x002000           a !xr
reset            0x000000           0x000004  
ivt              0x000004           0x0000fc  
aivt             0x000104           0x0000fc  
app_ivt          0x001000           0x000140  
program          0x001140           0x0142c0           xr
CONFIG4          0x0157f8           0x000002  
CONFIG3          0x0157fa           0x000002  
CONFIG2          0x0157fc           0x000002  
CONFIG1          0x0157fe           0x000002  
*default*        0x000000           0xffffffffffffffff  

Linker script and memory map

LOAD pPIC24Fxxx
LOAD /Applications/microchip/xc16/v1.70/bin/bin/../../lib/libfx-elf.a
                    0x157f8                  __CONFIG4 = 0x157f8
                    0x157fa                  __CONFIG3 = 0x157fa
                    0x157fc                  __CONFIG2 = 0x157fc
                    0x157fe                  __CONFIG1 = 0x157fe
                    0x0004                  __IVT_BASE = 0x4
                    0x0104                  __AIVT_BASE = 0x104
                    0x0800                  __DATA_BASE = 0x800
                    0x1110                  __CODE_BASE = 0x1110
                    0x1000                  __APP_IVT_BASE = 0x1000

.reset            0x000000          0x4
                  0x000000          0x2 SHORT 0x1140 ABSOLUTE (__reset)
                  0x000001          0x2 SHORT 0x4
                  0x000002          0x2 SHORT 0x0 ((ABSOLUTE (__reset) >> 0x10) & 0x7f)
                  0x000003          0x2 SHORT 0x0

.text             0x001140        0x266
 *(.init)
 .init            0x001140         0x4c /Applications/microchip/xc16/v1.70/bin/bin/../../lib/liblega-pic30-elf.a(crt0_extended24.o)
                  0x001140                  __reset
                  0x001140                  __resetPRI
                  0x00117c                  __psv_init
 .init            0x00118c         0xb8 /Applications/microchip/xc16/v1.70/bin/bin/../../lib/liblega-pic30-elf.a(data_init_24.o)
                  0x001192                  __data_init_da
                  0x001192                  __data_init
 *(.user_init)
 *(.handle)
 .handle          0x001244        0x140 jump_table
 *(.libc)
 *(.libm)
 *(.libdsp)
 *(.lib*)
 .libpic30_crt_start_mode
                  0x001384          0x2 /Applications/microchip/xc16/v1.70/bin/bin/../../lib/liblega-pic30-elf.a(crt_start_mode_normalda.Leo)
                  0x001384                  __crt_start_mode_normal
                  0x001384                  __crt_start_mode
 .libm.udivsi3    0x001386         0x20 /Applications/microchip/xc16/v1.70/bin/bin/../../lib/libm-elf.a(udivsi3.daeo)
                  0x001386                  ___udivsi3

usercode
 *(usercode)

__CONFIG4         0x0157f8          0x2
 *(__CONFIG4.sec)
 __CONFIG4.sec    0x0157f8          0x2 scope.o

__CONFIG3         0x0157fa          0x2
 *(__CONFIG3.sec)
 __CONFIG3.sec    0x0157fa          0x2 scope.o

__CONFIG2         0x0157fc          0x2
 *(__CONFIG2.sec)
 __CONFIG2.sec    0x0157fc          0x2 scope.o

__CONFIG1         0x0157fe          0x2
 *(__CONFIG1.sec)
 __CONFIG1.sec    0x0157fe          0x2 scope.o

.comment
 *(.comment)

.debug_info       0x000000       0xad07
 *(.debug_info)
 .debug_info      0x000000        0x396 oscope_main.o
 .debug_info      0x000396       0x1e23 oscope.o
 .debug_info      0x0021b9       0x1f0e wavegen.o
 .debug_info      0x0040c7       0x13fd scope.o
 .debug_info      0x0054c4        0x5a7 sweep_at_4MSps.o
 .debug_info      0x005a6b       0x13e6 digout.o
 .debug_info      0x006e51       0x24c5 parser.o
 .debug_info      0x009316        0x86f cdc.o
 .debug_info      0x009b85        0x27e descriptors.o
 .debug_info      0x009e03        0xf04 usb.o
 *(.gnu.linkonce.wi.*)

.debug_abbrev     0x000000        0xe0d
 *(.debug_abbrev)
 .debug_abbrev    0x000000         0xcc oscope_main.o
 .debug_abbrev    0x0000cc        0x10f oscope.o
 .debug_abbrev    0x0001db        0x1f8 wavegen.o
 .debug_abbrev    0x0003d3        0x1a0 scope.o
 .debug_abbrev    0x000573        0x102 sweep_at_4MSps.o
 .debug_abbrev    0x000675        0x1ae digout.o
 .debug_abbrev    0x000823        0x232 parser.o
 .debug_abbrev    0x000a55        0x15d cdc.o
 .debug_abbrev    0x000bb2         0x8b descriptors.o
 .debug_abbrev    0x000c3d        0x1d0 usb.o

.debug_line       0x000000       0x2a24
 *(.debug_line)
 .debug_line      0x000000        0x112 oscope_main.o
 .debug_line      0x000112        0x139 oscope.o
 .debug_line      0x00024b        0x206 wavegen.o
 .debug_line      0x000451        0x203 scope.o
 .debug_line      0x000654       0x1870 sweep_at_4MSps.o
 .debug_line      0x001ec4        0x21b digout.o
 .debug_line      0x0020df        0x468 parser.o
 .debug_line      0x002547        0x1e0 cdc.o
 .debug_line      0x002727         0x77 descriptors.o
 .debug_line      0x00279e        0x286 usb.o

.debug_frame      0x000000       0x119a
 *(.debug_frame)
 .debug_frame     0x000000         0x48 oscope_main.o
 .debug_frame     0x000048         0x2e oscope.o
 .debug_frame     0x000076        0x32a wavegen.o
 .debug_frame     0x0003a0        0x19a scope.o
 .debug_frame     0x00053a         0x2e sweep_at_4MSps.o
 .debug_frame     0x000568        0x1b4 digout.o
 .debug_frame     0x00071c        0x84e parser.o
 .debug_frame     0x000f6a        0x14c cdc.o
 .debug_frame     0x0010b6         0xe4 usb.o

.debug_str        0x000000        0x7e8
 *(.debug_str)
 .debug_str       0x000000         0x98 oscope_main.o
 .debug_str       0x000098         0xd5 oscope.o
 .debug_str       0x00016d        0x19c wavegen.o
 .debug_str       0x000309         0xde scope.o
 .debug_str       0x0003e7         0x25 sweep_at_4MSps.o
 .debug_str       0x00040c         0x9e digout.o
 .debug_str       0x0004aa        0x143 parser.o
 .debug_str       0x0005ed         0x7e cdc.o
 .debug_str       0x00066b          0xf descriptors.o
 .debug_str       0x00067a        0x16e usb.o

.debug_loc
 *(.debug_loc)

.debug_macinfo
 *(.debug_macinfo)

.debug_pubnames
                  0x000000       0x1324
 *(.debug_pubnames)
 .debug_pubnames
                  0x000000         0x33 oscope_main.o
 .debug_pubnames
                  0x000033         0x22 oscope.o
 .debug_pubnames
                  0x000055        0x31e wavegen.o
 .debug_pubnames
                  0x000373        0x238 scope.o
 .debug_pubnames
                  0x0005ab         0x43 sweep_at_4MSps.o
 .debug_pubnames
                  0x0005ee        0x1a8 digout.o
 .debug_pubnames
                  0x000796        0x75b parser.o
 .debug_pubnames
                  0x000ef1        0x193 cdc.o
 .debug_pubnames
                  0x001084         0x73 descriptors.o
 .debug_pubnames
                  0x0010f7        0x22d usb.o

.debug_ranges
 *(.debug_ranges)

.debug_aranges    0x000000         0xd8
 *(.debug_aranges)
 .debug_aranges
                  0x000000         0x18 oscope_main.o
 .debug_aranges
                  0x000018         0x18 oscope.o
 .debug_aranges
                  0x000030         0x18 wavegen.o
 .debug_aranges
                  0x000048         0x18 scope.o
 .debug_aranges
                  0x000060         0x18 sweep_at_4MSps.o
 .debug_aranges
                  0x000078         0x18 digout.o
 .debug_aranges
                  0x000090         0x18 parser.o
 .debug_aranges
                  0x0000a8         0x18 cdc.o
 .debug_aranges
                  0x0000c0         0x18 usb.o

.application_ivt
                  0x001000        0x138
                  0x001000          0x2 SHORT 0x1140 ABSOLUTE (__reset)
                  0x001001          0x2 SHORT 0x4
                  0x001002          0x2 SHORT 0x0 ((ABSOLUTE (__reset) >> 0x10) & 0x7f)
                  0x001003          0x2 SHORT 0x0
                  0x001004          0x2 SHORT 0x79b2 DEFINED (__ReservedTrap0)?ABSOLUTE (__ReservedTrap0):ABSOLUTE (__DefaultInterrupt)
                  0x001005          0x2 SHORT 0x4
                  0x001006          0x2 SHORT 0x0 DEFINED (__ReservedTrap0)?((ABSOLUTE (__ReservedTrap0) >> 0x10) & 0x7f):((ABSOLUTE (__DefaultInterrupt) >> 0x10) & 0x7f)
                  0x001007          0x2 SHORT 0x0
                  0x001008          0x2 SHORT 0x79b2 DEFINED (__OscillatorFail)?ABSOLUTE (__OscillatorFail):ABSOLUTE (__DefaultInterrupt)
                  0x001009          0x2 SHORT 0x4
                  0x00100a          0x2 SHORT 0x0 DEFINED (__OscillatorFail)?((ABSOLUTE (__OscillatorFail) >> 0x10) & 0x7f):((ABSOLUTE (__DefaultInterrupt) >> 0x10) & 0x7f)
                  0x00100b          0x2 SHORT 0x0
                  0x00100c          0x2 SHORT 0x79b2 DEFINED (__AddressError)?ABSOLUTE (__AddressError):ABSOLUTE (__DefaultInterrupt)
                  0x00100d          0x2 SHORT 0x4
                  0x00100e          0x2 SHORT 0x0 DEFINED (__AddressError)?((ABSOLUTE (__AddressError) >> 0x10) & 0x7f):((ABSOLUTE (__DefaultInterrupt) >> 0x10) & 0x7f)
                  0x00100f          0x2 SHORT 0x0
                  0x001010          0x2 SHORT 0x79b2 DEFINED (__StackError)?ABSOLUTE (__StackError):ABSOLUTE (__DefaultInterrupt)
                  0x001011          0x2 SHORT 0x4
                  0x001012          0x2 SHORT 0x0 DEFINED (__StackError)?((ABSOLUTE (__StackError) >> 0x10) & 0x7f):((ABSOLUTE (__DefaultInterrupt) >> 0x10) & 0x7f)
                  0x001013          0x2 SHORT 0x0
                  0x001014          0x2 SHORT 0x79b2 DEFINED (__MathError)?ABSOLUTE (__MathError):ABSOLUTE (__DefaultInterrupt)
                  0x001015          0x2 SHORT 0x4
                  0x001016          0x2 SHORT 0x0 DEFINED (__MathError)?((ABSOLUTE (__MathError) >> 0x10) & 0x7f):((ABSOLUTE (__DefaultInterrupt) >> 0x10) & 0x7f)
                  0x001017          0x2 SHORT 0x0
                  0x001018          0x2 SHORT 0x79b2 DEFINED (__INT0Interrupt)?ABSOLUTE (__INT0Interrupt):ABSOLUTE (__DefaultInterrupt)
                  0x001019          0x2 SHORT 0x4
                  0x00101a          0x2 SHORT 0x0 DEFINED (__INT0Interrupt)?((ABSOLUTE (__INT0Interrupt) >> 0x10) & 0x7f):((ABSOLUTE (__DefaultInterrupt) >> 0x10) & 0x7f)
                  0x00101b          0x2 SHORT 0x0
                  0x00101c          0x2 SHORT 0x79b2 DEFINED (__IC1Interrupt)?ABSOLUTE (__IC1Interrupt):ABSOLUTE (__DefaultInterrupt)
                  0x00101d          0x2 SHORT 0x4
                  0x00101e          0x2 SHORT 0x0 DEFINED (__IC1Interrupt)?((ABSOLUTE (__IC1Interrupt) >> 0x10) & 0x7f):((ABSOLUTE (__DefaultInterrupt) >> 0x10) & 0x7f)
                  0x00101f          0x2 SHORT 0x0
                  0x001020          0x2 SHORT 0x79b2 DEFINED (__OC1Interrupt)?ABSOLUTE (__OC1Interrupt):ABSOLUTE (__DefaultInterrupt)
                  0x001021          0x2 SHORT 0x4
                  0x001022          0x2 SHORT 0x0 DEFINED (__OC1Interrupt)?((ABSOLUTE (__OC1Interrupt) >> 0x10) & 0x7f):((ABSOLUTE (__DefaultInterrupt) >> 0x10) & 0x7f)
                  0x001023          0x2 SHORT 0x0
                  0x001024          0x2 SHORT 0x79b2 DEFINED (__T1Interrupt)?ABSOLUTE (__T1Interrupt):ABSOLUTE (__DefaultInterrupt)
                  0x001025          0x2 SHORT 0x4
                  0x001026          0x2 SHORT 0x0 DEFINED (__T1Interrupt)?((ABSOLUTE (__T1Interrupt) >> 0x10) & 0x7f):((ABSOLUTE (__DefaultInterrupt) >> 0x10) & 0x7f)
                  0x001027          0x2 SHORT 0x0
                  0x001028          0x2 SHORT 0x79b2 DEFINED (__DMA0Interrupt)?ABSOLUTE (__DMA0Interrupt):ABSOLUTE (__DefaultInterrupt)
                  0x001029          0x2 SHORT 0x4
                  0x00102a          0x2 SHORT 0x0 DEFINED (__DMA0Interrupt)?((ABSOLUTE (__DMA0Interrupt) >> 0x10) & 0x7f):((ABSOLUTE (__DefaultInterrupt) >> 0x10) & 0x7f)
                  0x00102b          0x2 SHORT 0x0
                  0x00102c          0x2 SHORT 0x79b2 DEFINED (__IC2Interrupt)?ABSOLUTE (__IC2Interrupt):ABSOLUTE (__DefaultInterrupt)
                  0x00102d          0x2 SHORT 0x4
                  0x00102e          0x2 SHORT 0x0 DEFINED (__IC2Interrupt)?((ABSOLUTE (__IC2Interrupt) >> 0x10) & 0x7f):((ABSOLUTE (__DefaultInterrupt) >> 0x10) & 0x7f)
                  0x00102f          0x2 SHORT 0x0
                  0x001030          0x2 SHORT 0x79b2 DEFINED (__OC2Interrupt)?ABSOLUTE (__OC2Interrupt):ABSOLUTE (__DefaultInterrupt)
                  0x001031          0x2 SHORT 0x4
                  0x001032          0x2 SHORT 0x0 DEFINED (__OC2Interrupt)?((ABSOLUTE (__OC2Interrupt) >> 0x10) & 0x7f):((ABSOLUTE (__DefaultInterrupt) >> 0x10) & 0x7f)
                  0x001033          0x2 SHORT 0x0
                  0x001034          0x2 SHORT 0x750e DEFINED (__T2Interrupt)?ABSOLUTE (__T2Interrupt):ABSOLUTE (__DefaultInterrupt)
                  0x001035          0x2 SHORT 0x4
                  0x001036          0x2 SHORT 0x0 DEFINED (__T2Interrupt)?((ABSOLUTE (__T2Interrupt) >> 0x10) & 0x7f):((ABSOLUTE (__DefaultInterrupt) >> 0x10) & 0x7f)
                  0x001037          0x2 SHORT 0x0
                  0x001038          0x2 SHORT 0x7950 DEFINED (__T3Interrupt)?ABSOLUTE (__T3Interrupt):ABSOLUTE (__DefaultInterrupt)
                  0x001039          0x2 SHORT 0x4
                  0x00103a          0x2 SHORT 0x0 DEFINED (__T3Interrupt)?((ABSOLUTE (__T3Interrupt) >> 0x10) & 0x7f):((ABSOLUTE (__DefaultInterrupt) >> 0x10) & 0x7f)
                  0x00103b          0x2 SHORT 0x0
                  0x00103c          0x2 SHORT 0x79b2 DEFINED (__SPI1ErrInterrupt)?ABSOLUTE (__SPI1ErrInterrupt):ABSOLUTE (__DefaultInterrupt)
                  0x00103d          0x2 SHORT 0x4
                  0x00103e          0x2 SHORT 0x0 DEFINED (__SPI1ErrInterrupt)?((ABSOLUTE (__SPI1ErrInterrupt) >> 0x10) & 0x7f):((ABSOLUTE (__DefaultInterrupt) >> 0x10) & 0x7f)
                  0x00103f          0x2 SHORT 0x0
                  0x001040          0x2 SHORT 0x79b2 DEFINED (__SPI1Interrupt)?ABSOLUTE (__SPI1Interrupt):ABSOLUTE (__DefaultInterrupt)
                  0x001041          0x2 SHORT 0x4
                  0x001042          0x2 SHORT 0x0 DEFINED (__SPI1Interrupt)?((ABSOLUTE (__SPI1Interrupt) >> 0x10) & 0x7f):((ABSOLUTE (__DefaultInterrupt) >> 0x10) & 0x7f)
                  0x001043          0x2 SHORT 0x0
                  0x001044          0x2 SHORT 0x79b2 DEFINED (__U1RXInterrupt)?ABSOLUTE (__U1RXInterrupt):ABSOLUTE (__DefaultInterrupt)
                  0x001045          0x2 SHORT 0x4
                  0x001046          0x2 SHORT 0x0 DEFINED (__U1RXInterrupt)?((ABSOLUTE (__U1RXInterrupt) >> 0x10) & 0x7f):((ABSOLUTE (__DefaultInterrupt) >> 0x10) & 0x7f)
                  0x001047          0x2 SHORT 0x0
                  0x001048          0x2 SHORT 0x79b2 DEFINED (__U1TXInterrupt)?ABSOLUTE (__U1TXInterrupt):ABSOLUTE (__DefaultInterrupt)
                  0x001049          0x2 SHORT 0x4
                  0x00104a          0x2 SHORT 0x0 DEFINED (__U1TXInterrupt)?((ABSOLUTE (__U1TXInterrupt) >> 0x10) & 0x7f):((ABSOLUTE (__DefaultInterrupt) >> 0x10) & 0x7f)
                  0x00104b          0x2 SHORT 0x0
                  0x00104c          0x2 SHORT 0x79b2 DEFINED (__ADC1Interrupt)?ABSOLUTE (__ADC1Interrupt):ABSOLUTE (__DefaultInterrupt)
                  0x00104d          0x2 SHORT 0x4
                  0x00104e          0x2 SHORT 0x0 DEFINED (__ADC1Interrupt)?((ABSOLUTE (__ADC1Interrupt) >> 0x10) & 0x7f):((ABSOLUTE (__DefaultInterrupt) >> 0x10) & 0x7f)
                  0x00104f          0x2 SHORT 0x0
                  0x001050          0x2 SHORT 0x7650 DEFINED (__DMA1Interrupt)?ABSOLUTE (__DMA1Interrupt):ABSOLUTE (__DefaultInterrupt)
                  0x001051          0x2 SHORT 0x4
                  0x001052          0x2 SHORT 0x0 DEFINED (__DMA1Interrupt)?((ABSOLUTE (__DMA1Interrupt) >> 0x10) & 0x7f):((ABSOLUTE (__DefaultInterrupt) >> 0x10) & 0x7f)
                  0x001053          0x2 SHORT 0x0
                  0x001054          0x2 SHORT 0x79b2 DEFINED (__SI2C1Interrupt)?ABSOLUTE (__SI2C1Interrupt):ABSOLUTE (__DefaultInterrupt)
                  0x001055          0x2 SHORT 0x4
                  0x001056          0x2 SHORT 0x0 DEFINED (__SI2C1Interrupt)?((ABSOLUTE (__SI2C1Interrupt) >> 0x10) & 0x7f):((ABSOLUTE (__DefaultInterrupt) >> 0x10) & 0x7f)
                  0x001057          0x2 SHORT 0x0
                  0x001058          0x2 SHORT 0x79b2 DEFINED (__MI2C1Interrupt)?ABSOLUTE (__MI2C1Interrupt):ABSOLUTE (__DefaultInterrupt)
                  0x001059          0x2 SHORT 0x4
                  0x00105a          0x2 SHORT 0x0 DEFINED (__MI2C1Interrupt)?((ABSOLUTE (__MI2C1Interrupt) >> 0x10) & 0x7f):((ABSOLUTE (__DefaultInterrupt) >> 0x10) & 0x7f)
                  0x00105b          0x2 SHORT 0x0
                  0x00105c          0x2 SHORT 0x79b2 DEFINED (__CompInterrupt)?ABSOLUTE (__CompInterrupt):ABSOLUTE (__DefaultInterrupt)
                  0x00105d          0x2 SHORT 0x4
                  0x00105e          0x2 SHORT 0x0 DEFINED (__CompInterrupt)?((ABSOLUTE (__CompInterrupt) >> 0x10) & 0x7f):((ABSOLUTE (__DefaultInterrupt) >> 0x10) & 0x7f)
                  0x00105f          0x2 SHORT 0x0
                  0x001060          0x2 SHORT 0x79b2 DEFINED (__CNInterrupt)?ABSOLUTE (__CNInterrupt):ABSOLUTE (__DefaultInterrupt)
                  0x001061          0x2 SHORT 0x4
                  0x001062          0x2 SHORT 0x0 DEFINED (__CNInterrupt)?((ABSOLUTE (__CNInterrupt) >> 0x10) & 0x7f):((ABSOLUTE (__DefaultInterrupt) >> 0x10) & 0x7f)
                  0x001063          0x2 SHORT 0x0
                  0x001064          0x2 SHORT 0x79b2 DEFINED (__INT1Interrupt)?ABSOLUTE (__INT1Interrupt):ABSOLUTE (__DefaultInterrupt)
                  0x001065          0x2 SHORT 0x4
                  0x001066          0x2 SHORT 0x0 DEFINED (__INT1Interrupt)?((ABSOLUTE (__INT1Interrupt) >> 0x10) & 0x7f):((ABSOLUTE (__DefaultInterrupt) >> 0x10) & 0x7f)
                  0x001067          0x2 SHORT 0x0
                  0x001068          0x2 SHORT 0x79b2 DEFINED (__IC7Interrupt)?ABSOLUTE (__IC7Interrupt):ABSOLUTE (__DefaultInterrupt)
                  0x001069          0x2 SHORT 0x4
                  0x00106a          0x2 SHORT 0x0 DEFINED (__IC7Interrupt)?((ABSOLUTE (__IC7Interrupt) >> 0x10) & 0x7f):((ABSOLUTE (__DefaultInterrupt) >> 0x10) & 0x7f)
                  0x00106b          0x2 SHORT 0x0
                  0x00106c          0x2 SHORT 0x79b2 DEFINED (__IC8Interrupt)?ABSOLUTE (__IC8Interrupt):ABSOLUTE (__DefaultInterrupt)
                  0x00106d          0x2 SHORT 0x4
                  0x00106e          0x2 SHORT 0x0 DEFINED (__IC8Interrupt)?((ABSOLUTE (__IC8Interrupt) >> 0x10) & 0x7f):((ABSOLUTE (__DefaultInterrupt) >> 0x10) & 0x7f)
                  0x00106f          0x2 SHORT 0x0
                  0x001070          0x2 SHORT 0x79b2 DEFINED (__DMA2Interrupt)?ABSOLUTE (__DMA2Interrupt):ABSOLUTE (__DefaultInterrupt)
                  0x001071          0x2 SHORT 0x4
                  0x001072          0x2 SHORT 0x0 DEFINED (__DMA2Interrupt)?((ABSOLUTE (__DMA2Interrupt) >> 0x10) & 0x7f):((ABSOLUTE (__DefaultInterrupt) >> 0x10) & 0x7f)
                  0x001073          0x2 SHORT 0x0
                  0x001074          0x2 SHORT 0x79b2 DEFINED (__OC3Interrupt)?ABSOLUTE (__OC3Interrupt):ABSOLUTE (__DefaultInterrupt)
                  0x001075          0x2 SHORT 0x4
                  0x001076          0x2 SHORT 0x0 DEFINED (__OC3Interrupt)?((ABSOLUTE (__OC3Interrupt) >> 0x10) & 0x7f):((ABSOLUTE (__DefaultInterrupt) >> 0x10) & 0x7f)
                  0x001077          0x2 SHORT 0x0
                  0x001078          0x2 SHORT 0x79b2 DEFINED (__OC4Interrupt)?ABSOLUTE (__OC4Interrupt):ABSOLUTE (__DefaultInterrupt)
                  0x001079          0x2 SHORT 0x4
                  0x00107a          0x2 SHORT 0x0 DEFINED (__OC4Interrupt)?((ABSOLUTE (__OC4Interrupt) >> 0x10) & 0x7f):((ABSOLUTE (__DefaultInterrupt) >> 0x10) & 0x7f)
                  0x00107b          0x2 SHORT 0x0
                  0x00107c          0x2 SHORT 0x79b2 DEFINED (__T4Interrupt)?ABSOLUTE (__T4Interrupt):ABSOLUTE (__DefaultInterrupt)
                  0x00107d          0x2 SHORT 0x4
                  0x00107e          0x2 SHORT 0x0 DEFINED (__T4Interrupt)?((ABSOLUTE (__T4Interrupt) >> 0x10) & 0x7f):((ABSOLUTE (__DefaultInterrupt) >> 0x10) & 0x7f)
                  0x00107f          0x2 SHORT 0x0
                  0x001080          0x2 SHORT 0x79b2 DEFINED (__T5Interrupt)?ABSOLUTE (__T5Interrupt):ABSOLUTE (__DefaultInterrupt)
                  0x001081          0x2 SHORT 0x4
                  0x001082          0x2 SHORT 0x0 DEFINED (__T5Interrupt)?((ABSOLUTE (__T5Interrupt) >> 0x10) & 0x7f):((ABSOLUTE (__DefaultInterrupt) >> 0x10) & 0x7f)
                  0x001083          0x2 SHORT 0x0
                  0x001084          0x2 SHORT 0x79b2 DEFINED (__INT2Interrupt)?ABSOLUTE (__INT2Interrupt):ABSOLUTE (__DefaultInterrupt)
                  0x001085          0x2 SHORT 0x4
                  0x001086          0x2 SHORT 0x0 DEFINED (__INT2Interrupt)?((ABSOLUTE (__INT2Interrupt) >> 0x10) & 0x7f):((ABSOLUTE (__DefaultInterrupt) >> 0x10) & 0x7f)
                  0x001087          0x2 SHORT 0x0
                  0x001088          0x2 SHORT 0x79b2 DEFINED (__U2RXInterrupt)?ABSOLUTE (__U2RXInterrupt):ABSOLUTE (__DefaultInterrupt)
                  0x001089          0x2 SHORT 0x4
                  0x00108a          0x2 SHORT 0x0 DEFINED (__U2RXInterrupt)?((ABSOLUTE (__U2RXInterrupt) >> 0x10) & 0x7f):((ABSOLUTE (__DefaultInterrupt) >> 0x10) & 0x7f)
                  0x00108b          0x2 SHORT 0x0
                  0x00108c          0x2 SHORT 0x79b2 DEFINED (__U2TXInterrupt)?ABSOLUTE (__U2TXInterrupt):ABSOLUTE (__DefaultInterrupt)
                  0x00108d          0x2 SHORT 0x4
                  0x00108e          0x2 SHORT 0x0 DEFINED (__U2TXInterrupt)?((ABSOLUTE (__U2TXInterrupt) >> 0x10) & 0x7f):((ABSOLUTE (__DefaultInterrupt) >> 0x10) & 0x7f)
                  0x00108f          0x2 SHORT 0x0
                  0x001090          0x2 SHORT 0x79b2 DEFINED (__SPI2ErrInterrupt)?ABSOLUTE (__SPI2ErrInterrupt):ABSOLUTE (__DefaultInterrupt)
                  0x001091          0x2 SHORT 0x4
                  0x001092          0x2 SHORT 0x0 DEFINED (__SPI2ErrInterrupt)?((ABSOLUTE (__SPI2ErrInterrupt) >> 0x10) & 0x7f):((ABSOLUTE (__DefaultInterrupt) >> 0x10) & 0x7f)
                  0x001093          0x2 SHORT 0x0
                  0x001094          0x2 SHORT 0x79b2 DEFINED (__SPI2Interrupt)?ABSOLUTE (__SPI2Interrupt):ABSOLUTE (__DefaultInterrupt)
                  0x001095          0x2 SHORT 0x4
                  0x001096          0x2 SHORT 0x0 DEFINED (__SPI2Interrupt)?((ABSOLUTE (__SPI2Interrupt) >> 0x10) & 0x7f):((ABSOLUTE (__DefaultInterrupt) >> 0x10) & 0x7f)
                  0x001097          0x2 SHORT 0x0
                  0x001098          0x2 SHORT 0x79b2 DEFINED (__DMA3Interrupt)?ABSOLUTE (__DMA3Interrupt):ABSOLUTE (__DefaultInterrupt)
                  0x001099          0x2 SHORT 0x4
                  0x00109a          0x2 SHORT 0x0 DEFINED (__DMA3Interrupt)?((ABSOLUTE (__DMA3Interrupt) >> 0x10) & 0x7f):((ABSOLUTE (__DefaultInterrupt) >> 0x10) & 0x7f)
                  0x00109b          0x2 SHORT 0x0
                  0x00109c          0x2 SHORT 0x79b2 DEFINED (__IC3Interrupt)?ABSOLUTE (__IC3Interrupt):ABSOLUTE (__DefaultInterrupt)
                  0x00109d          0x2 SHORT 0x4
                  0x00109e          0x2 SHORT 0x0 DEFINED (__IC3Interrupt)?((ABSOLUTE (__IC3Interrupt) >> 0x10) & 0x7f):((ABSOLUTE (__DefaultInterrupt) >> 0x10) & 0x7f)
                  0x00109f          0x2 SHORT 0x0
                  0x0010a0          0x2 SHORT 0x79b2 DEFINED (__IC4Interrupt)?ABSOLUTE (__IC4Interrupt):ABSOLUTE (__DefaultInterrupt)
                  0x0010a1          0x2 SHORT 0x4
                  0x0010a2          0x2 SHORT 0x0 DEFINED (__IC4Interrupt)?((ABSOLUTE (__IC4Interrupt) >> 0x10) & 0x7f):((ABSOLUTE (__DefaultInterrupt) >> 0x10) & 0x7f)
                  0x0010a3          0x2 SHORT 0x0
                  0x0010a4          0x2 SHORT 0x79b2 DEFINED (__IC5Interrupt)?ABSOLUTE (__IC5Interrupt):ABSOLUTE (__DefaultInterrupt)
                  0x0010a5          0x2 SHORT 0x4
                  0x0010a6          0x2 SHORT 0x0 DEFINED (__IC5Interrupt)?((ABSOLUTE (__IC5Interrupt) >> 0x10) & 0x7f):((ABSOLUTE (__DefaultInterrupt) >> 0x10) & 0x7f)
                  0x0010a7          0x2 SHORT 0x0
                  0x0010a8          0x2 SHORT 0x79b2 DEFINED (__IC6Interrupt)?ABSOLUTE (__IC6Interrupt):ABSOLUTE (__DefaultInterrupt)
                  0x0010a9          0x2 SHORT 0x4
                  0x0010aa          0x2 SHORT 0x0 DEFINED (__IC6Interrupt)?((ABSOLUTE (__IC6Interrupt) >> 0x10) & 0x7f):((ABSOLUTE (__DefaultInterrupt) >> 0x10) & 0x7f)
                  0x0010ab          0x2 SHORT 0x0
                  0x0010ac          0x2 SHORT 0x79b2 DEFINED (__OC5Interrupt)?ABSOLUTE (__OC5Interrupt):ABSOLUTE (__DefaultInterrupt)
                  0x0010ad          0x2 SHORT 0x4
                  0x0010ae          0x2 SHORT 0x0 DEFINED (__OC5Interrupt)?((ABSOLUTE (__OC5Interrupt) >> 0x10) & 0x7f):((ABSOLUTE (__DefaultInterrupt) >> 0x10) & 0x7f)
                  0x0010af          0x2 SHORT 0x0
                  0x0010b0          0x2 SHORT 0x79b2 DEFINED (__OC6Interrupt)?ABSOLUTE (__OC6Interrupt):ABSOLUTE (__DefaultInterrupt)
                  0x0010b1          0x2 SHORT 0x4
                  0x0010b2          0x2 SHORT 0x0 DEFINED (__OC6Interrupt)?((ABSOLUTE (__OC6Interrupt) >> 0x10) & 0x7f):((ABSOLUTE (__DefaultInterrupt) >> 0x10) & 0x7f)
                  0x0010b3          0x2 SHORT 0x0
                  0x0010b4          0x2 SHORT 0x79b2 DEFINED (__OC7Interrupt)?ABSOLUTE (__OC7Interrupt):ABSOLUTE (__DefaultInterrupt)
                  0x0010b5          0x2 SHORT 0x4
                  0x0010b6          0x2 SHORT 0x0 DEFINED (__OC7Interrupt)?((ABSOLUTE (__OC7Interrupt) >> 0x10) & 0x7f):((ABSOLUTE (__DefaultInterrupt) >> 0x10) & 0x7f)
                  0x0010b7          0x2 SHORT 0x0
                  0x0010b8          0x2 SHORT 0x79b2 DEFINED (__OC8Interrupt)?ABSOLUTE (__OC8Interrupt):ABSOLUTE (__DefaultInterrupt)
                  0x0010b9          0x2 SHORT 0x4
                  0x0010ba          0x2 SHORT 0x0 DEFINED (__OC8Interrupt)?((ABSOLUTE (__OC8Interrupt) >> 0x10) & 0x7f):((ABSOLUTE (__DefaultInterrupt) >> 0x10) & 0x7f)
                  0x0010bb          0x2 SHORT 0x0
                  0x0010bc          0x2 SHORT 0x79b2 DEFINED (__PMPInterrupt)?ABSOLUTE (__PMPInterrupt):ABSOLUTE (__DefaultInterrupt)
                  0x0010bd          0x2 SHORT 0x4
                  0x0010be          0x2 SHORT 0x0 DEFINED (__PMPInterrupt)?((ABSOLUTE (__PMPInterrupt) >> 0x10) & 0x7f):((ABSOLUTE (__DefaultInterrupt) >> 0x10) & 0x7f)
                  0x0010bf          0x2 SHORT 0x0
                  0x0010c0          0x2 SHORT 0x79b2 DEFINED (__DMA4Interrupt)?ABSOLUTE (__DMA4Interrupt):ABSOLUTE (__DefaultInterrupt)
                  0x0010c1          0x2 SHORT 0x4
                  0x0010c2          0x2 SHORT 0x0 DEFINED (__DMA4Interrupt)?((ABSOLUTE (__DMA4Interrupt) >> 0x10) & 0x7f):((ABSOLUTE (__DefaultInterrupt) >> 0x10) & 0x7f)
                  0x0010c3          0x2 SHORT 0x0
                  0x0010c4          0x2 SHORT 0x79b2 DEFINED (__SI2C2Interrupt)?ABSOLUTE (__SI2C2Interrupt):ABSOLUTE (__DefaultInterrupt)
                  0x0010c5          0x2 SHORT 0x4
                  0x0010c6          0x2 SHORT 0x0 DEFINED (__SI2C2Interrupt)?((ABSOLUTE (__SI2C2Interrupt) >> 0x10) & 0x7f):((ABSOLUTE (__DefaultInterrupt) >> 0x10) & 0x7f)
                  0x0010c7          0x2 SHORT 0x0
                  0x0010c8          0x2 SHORT 0x79b2 DEFINED (__MI2C2Interrupt)?ABSOLUTE (__MI2C2Interrupt):ABSOLUTE (__DefaultInterrupt)
                  0x0010c9          0x2 SHORT 0x4
                  0x0010ca          0x2 SHORT 0x0 DEFINED (__MI2C2Interrupt)?((ABSOLUTE (__MI2C2Interrupt) >> 0x10) & 0x7f):((ABSOLUTE (__DefaultInterrupt) >> 0x10) & 0x7f)
                  0x0010cb          0x2 SHORT 0x0
                  0x0010cc          0x2 SHORT 0x79b2 DEFINED (__INT3Interrupt)?ABSOLUTE (__INT3Interrupt):ABSOLUTE (__DefaultInterrupt)
                  0x0010cd          0x2 SHORT 0x4
                  0x0010ce          0x2 SHORT 0x0 DEFINED (__INT3Interrupt)?((ABSOLUTE (__INT3Interrupt) >> 0x10) & 0x7f):((ABSOLUTE (__DefaultInterrupt) >> 0x10) & 0x7f)
                  0x0010cf          0x2 SHORT 0x0
                  0x0010d0          0x2 SHORT 0x79b2 DEFINED (__INT4Interrupt)?ABSOLUTE (__INT4Interrupt):ABSOLUTE (__DefaultInterrupt)
                  0x0010d1          0x2 SHORT 0x4
                  0x0010d2          0x2 SHORT 0x0 DEFINED (__INT4Interrupt)?((ABSOLUTE (__INT4Interrupt) >> 0x10) & 0x7f):((ABSOLUTE (__DefaultInterrupt) >> 0x10) & 0x7f)
                  0x0010d3          0x2 SHORT 0x0
                  0x0010d4          0x2 SHORT 0x79b2 DEFINED (__DMA5Interrupt)?ABSOLUTE (__DMA5Interrupt):ABSOLUTE (__DefaultInterrupt)
                  0x0010d5          0x2 SHORT 0x4
                  0x0010d6          0x2 SHORT 0x0 DEFINED (__DMA5Interrupt)?((ABSOLUTE (__DMA5Interrupt) >> 0x10) & 0x7f):((ABSOLUTE (__DefaultInterrupt) >> 0x10) & 0x7f)
                  0x0010d7          0x2 SHORT 0x0
                  0x0010d8          0x2 SHORT 0x79b2 DEFINED (__RTCCInterrupt)?ABSOLUTE (__RTCCInterrupt):ABSOLUTE (__DefaultInterrupt)
                  0x0010d9          0x2 SHORT 0x4
                  0x0010da          0x2 SHORT 0x0 DEFINED (__RTCCInterrupt)?((ABSOLUTE (__RTCCInterrupt) >> 0x10) & 0x7f):((ABSOLUTE (__DefaultInterrupt) >> 0x10) & 0x7f)
                  0x0010db          0x2 SHORT 0x0
                  0x0010dc          0x2 SHORT 0x79b2 DEFINED (__U1ErrInterrupt)?ABSOLUTE (__U1ErrInterrupt):ABSOLUTE (__DefaultInterrupt)
                  0x0010dd          0x2 SHORT 0x4
                  0x0010de          0x2 SHORT 0x0 DEFINED (__U1ErrInterrupt)?((ABSOLUTE (__U1ErrInterrupt) >> 0x10) & 0x7f):((ABSOLUTE (__DefaultInterrupt) >> 0x10) & 0x7f)
                  0x0010df          0x2 SHORT 0x0
                  0x0010e0          0x2 SHORT 0x79b2 DEFINED (__U2ErrInterrupt)?ABSOLUTE (__U2ErrInterrupt):ABSOLUTE (__DefaultInterrupt)
                  0x0010e1          0x2 SHORT 0x4
                  0x0010e2          0x2 SHORT 0x0 DEFINED (__U2ErrInterrupt)?((ABSOLUTE (__U2ErrInterrupt) >> 0x10) & 0x7f):((ABSOLUTE (__DefaultInterrupt) >> 0x10) & 0x7f)
                  0x0010e3          0x2 SHORT 0x0
                  0x0010e4          0x2 SHORT 0x79b2 DEFINED (__CRCInterrupt)?ABSOLUTE (__CRCInterrupt):ABSOLUTE (__DefaultInterrupt)
                  0x0010e5          0x2 SHORT 0x4
                  0x0010e6          0x2 SHORT 0x0 DEFINED (__CRCInterrupt)?((ABSOLUTE (__CRCInterrupt) >> 0x10) & 0x7f):((ABSOLUTE (__DefaultInterrupt) >> 0x10) & 0x7f)
                  0x0010e7          0x2 SHORT 0x0
                  0x0010e8          0x2 SHORT 0x79b2 DEFINED (__LVDInterrupt)?ABSOLUTE (__LVDInterrupt):ABSOLUTE (__DefaultInterrupt)
                  0x0010e9          0x2 SHORT 0x4
                  0x0010ea          0x2 SHORT 0x0 DEFINED (__LVDInterrupt)?((ABSOLUTE (__LVDInterrupt) >> 0x10) & 0x7f):((ABSOLUTE (__DefaultInterrupt) >> 0x10) & 0x7f)
                  0x0010eb          0x2 SHORT 0x0
                  0x0010ec          0x2 SHORT 0x79b2 DEFINED (__CTMUInterrupt)?ABSOLUTE (__CTMUInterrupt):ABSOLUTE (__DefaultInterrupt)
                  0x0010ed          0x2 SHORT 0x4
                  0x0010ee          0x2 SHORT 0x0 DEFINED (__CTMUInterrupt)?((ABSOLUTE (__CTMUInterrupt) >> 0x10) & 0x7f):((ABSOLUTE (__DefaultInterrupt) >> 0x10) & 0x7f)
                  0x0010ef          0x2 SHORT 0x0
                  0x0010f0          0x2 SHORT 0x79b2 DEFINED (__DAC1Interrupt)?ABSOLUTE (__DAC1Interrupt):ABSOLUTE (__DefaultInterrupt)
                  0x0010f1          0x2 SHORT 0x4
                  0x0010f2          0x2 SHORT 0x0 DEFINED (__DAC1Interrupt)?((ABSOLUTE (__DAC1Interrupt) >> 0x10) & 0x7f):((ABSOLUTE (__DefaultInterrupt) >> 0x10) & 0x7f)
                  0x0010f3          0x2 SHORT 0x0
                  0x0010f4          0x2 SHORT 0x79b2 DEFINED (__DAC2Interrupt)?ABSOLUTE (__DAC2Interrupt):ABSOLUTE (__DefaultInterrupt)
                  0x0010f5          0x2 SHORT 0x4
                  0x0010f6          0x2 SHORT 0x0 DEFINED (__DAC2Interrupt)?((ABSOLUTE (__DAC2Interrupt) >> 0x10) & 0x7f):((ABSOLUTE (__DefaultInterrupt) >> 0x10) & 0x7f)
                  0x0010f7          0x2 SHORT 0x0
                  0x0010f8          0x2 SHORT 0x79b2 DEFINED (__U3ErrInterrupt)?ABSOLUTE (__U3ErrInterrupt):ABSOLUTE (__DefaultInterrupt)
                  0x0010f9          0x2 SHORT 0x4
                  0x0010fa          0x2 SHORT 0x0 DEFINED (__U3ErrInterrupt)?((ABSOLUTE (__U3ErrInterrupt) >> 0x10) & 0x7f):((ABSOLUTE (__DefaultInterrupt) >> 0x10) & 0x7f)
                  0x0010fb          0x2 SHORT 0x0
                  0x0010fc          0x2 SHORT 0x79b2 DEFINED (__U3RXInterrupt)?ABSOLUTE (__U3RXInterrupt):ABSOLUTE (__DefaultInterrupt)
                  0x0010fd          0x2 SHORT 0x4
                  0x0010fe          0x2 SHORT 0x0 DEFINED (__U3RXInterrupt)?((ABSOLUTE (__U3RXInterrupt) >> 0x10) & 0x7f):((ABSOLUTE (__DefaultInterrupt) >> 0x10) & 0x7f)
                  0x0010ff          0x2 SHORT 0x0
                  0x001100          0x2 SHORT 0x79b2 DEFINED (__U3TXInterrupt)?ABSOLUTE (__U3TXInterrupt):ABSOLUTE (__DefaultInterrupt)
                  0x001101          0x2 SHORT 0x4
                  0x001102          0x2 SHORT 0x0 DEFINED (__U3TXInterrupt)?((ABSOLUTE (__U3TXInterrupt) >> 0x10) & 0x7f):((ABSOLUTE (__DefaultInterrupt) >> 0x10) & 0x7f)
                  0x001103          0x2 SHORT 0x0
                  0x001104          0x2 SHORT 0x79b2 DEFINED (__USB1Interrupt)?ABSOLUTE (__USB1Interrupt):ABSOLUTE (__DefaultInterrupt)
                  0x001105          0x2 SHORT 0x4
                  0x001106          0x2 SHORT 0x0 DEFINED (__USB1Interrupt)?((ABSOLUTE (__USB1Interrupt) >> 0x10) & 0x7f):((ABSOLUTE (__DefaultInterrupt) >> 0x10) & 0x7f)
                  0x001107          0x2 SHORT 0x0
                  0x001108          0x2 SHORT 0x79b2 DEFINED (__U4ErrInterrupt)?ABSOLUTE (__U4ErrInterrupt):ABSOLUTE (__DefaultInterrupt)
                  0x001109          0x2 SHORT 0x4
                  0x00110a          0x2 SHORT 0x0 DEFINED (__U4ErrInterrupt)?((ABSOLUTE (__U4ErrInterrupt) >> 0x10) & 0x7f):((ABSOLUTE (__DefaultInterrupt) >> 0x10) & 0x7f)
                  0x00110b          0x2 SHORT 0x0
                  0x00110c          0x2 SHORT 0x79b2 DEFINED (__U4RXInterrupt)?ABSOLUTE (__U4RXInterrupt):ABSOLUTE (__DefaultInterrupt)
                  0x00110d          0x2 SHORT 0x4
                  0x00110e          0x2 SHORT 0x0 DEFINED (__U4RXInterrupt)?((ABSOLUTE (__U4RXInterrupt) >> 0x10) & 0x7f):((ABSOLUTE (__DefaultInterrupt) >> 0x10) & 0x7f)
                  0x00110f          0x2 SHORT 0x0
                  0x001110          0x2 SHORT 0x79b2 DEFINED (__U4TXInterrupt)?ABSOLUTE (__U4TXInterrupt):ABSOLUTE (__DefaultInterrupt)
                  0x001111          0x2 SHORT 0x4
                  0x001112          0x2 SHORT 0x0 DEFINED (__U4TXInterrupt)?((ABSOLUTE (__U4TXInterrupt) >> 0x10) & 0x7f):((ABSOLUTE (__DefaultInterrupt) >> 0x10) & 0x7f)
                  0x001113          0x2 SHORT 0x0
                  0x001114          0x2 SHORT 0x79b2 DEFINED (__OC9Interrupt)?ABSOLUTE (__OC9Interrupt):ABSOLUTE (__DefaultInterrupt)
                  0x001115          0x2 SHORT 0x4
                  0x001116          0x2 SHORT 0x0 DEFINED (__OC9Interrupt)?((ABSOLUTE (__OC9Interrupt) >> 0x10) & 0x7f):((ABSOLUTE (__DefaultInterrupt) >> 0x10) & 0x7f)
                  0x001117          0x2 SHORT 0x0
                  0x001118          0x2 SHORT 0x79b2 DEFINED (__IC9Interrupt)?ABSOLUTE (__IC9Interrupt):ABSOLUTE (__DefaultInterrupt)
                  0x001119          0x2 SHORT 0x4
                  0x00111a          0x2 SHORT 0x0 DEFINED (__IC9Interrupt)?((ABSOLUTE (__IC9Interrupt) >> 0x10) & 0x7f):((ABSOLUTE (__DefaultInterrupt) >> 0x10) & 0x7f)
                  0x00111b          0x2 SHORT 0x0
                  0x00111c          0x2 SHORT 0x79b2 DEFINED (__LCDInterrupt)?ABSOLUTE (__LCDInterrupt):ABSOLUTE (__DefaultInterrupt)
                  0x00111d          0x2 SHORT 0x4
                  0x00111e          0x2 SHORT 0x0 DEFINED (__LCDInterrupt)?((ABSOLUTE (__LCDInterrupt) >> 0x10) & 0x7f):((ABSOLUTE (__DefaultInterrupt) >> 0x10) & 0x7f)
                  0x00111f          0x2 SHORT 0x0
                  0x001120          0x2 SHORT 0x79b2 DEFINED (__AMP1Interrupt)?ABSOLUTE (__AMP1Interrupt):ABSOLUTE (__DefaultInterrupt)
                  0x001121          0x2 SHORT 0x4
                  0x001122          0x2 SHORT 0x0 DEFINED (__AMP1Interrupt)?((ABSOLUTE (__AMP1Interrupt) >> 0x10) & 0x7f):((ABSOLUTE (__DefaultInterrupt) >> 0x10) & 0x7f)
                  0x001123          0x2 SHORT 0x0
                  0x001124          0x2 SHORT 0x79b2 DEFINED (__AMP2Interrupt)?ABSOLUTE (__AMP2Interrupt):ABSOLUTE (__DefaultInterrupt)
                  0x001125          0x2 SHORT 0x4
                  0x001126          0x2 SHORT 0x0 DEFINED (__AMP2Interrupt)?((ABSOLUTE (__AMP2Interrupt) >> 0x10) & 0x7f):((ABSOLUTE (__DefaultInterrupt) >> 0x10) & 0x7f)
                  0x001127          0x2 SHORT 0x0
                  0x001128          0x2 SHORT 0x79b2 DEFINED (__SDA1Interrupt)?ABSOLUTE (__SDA1Interrupt):ABSOLUTE (__DefaultInterrupt)
                  0x001129          0x2 SHORT 0x4
                  0x00112a          0x2 SHORT 0x0 DEFINED (__SDA1Interrupt)?((ABSOLUTE (__SDA1Interrupt) >> 0x10) & 0x7f):((ABSOLUTE (__DefaultInterrupt) >> 0x10) & 0x7f)
                  0x00112b          0x2 SHORT 0x0
                  0x00112c          0x2 SHORT 0x79b2 DEFINED (__FSTInterrupt)?ABSOLUTE (__FSTInterrupt):ABSOLUTE (__DefaultInterrupt)
                  0x00112d          0x2 SHORT 0x4
                  0x00112e          0x2 SHORT 0x0 DEFINED (__FSTInterrupt)?((ABSOLUTE (__FSTInterrupt) >> 0x10) & 0x7f):((ABSOLUTE (__DefaultInterrupt) >> 0x10) & 0x7f)
                  0x00112f          0x2 SHORT 0x0
                  0x001130          0x2 SHORT 0x79b2 DEFINED (__JTAGInterrupt)?ABSOLUTE (__JTAGInterrupt):ABSOLUTE (__DefaultInterrupt)
                  0x001131          0x2 SHORT 0x4
                  0x001132          0x2 SHORT 0x0 DEFINED (__JTAGInterrupt)?((ABSOLUTE (__JTAGInterrupt) >> 0x10) & 0x7f):((ABSOLUTE (__DefaultInterrupt) >> 0x10) & 0x7f)
                  0x001133          0x2 SHORT 0x0
                  0x001134                  __DEFAULT_VECTOR = .
                  0x001134          0x2 SHORT 0x79b2 ABSOLUTE (__DefaultInterrupt)
                  0x001135          0x2 SHORT 0x4
                  0x001136          0x2 SHORT 0x0 ((ABSOLUTE (__DefaultInterrupt) >> 0x10) & 0x7f)
                  0x001137          0x2 SHORT 0x0

.ivt              0x000004         0xfc
                  0x000004          0x4 LONG 0x1004 (ABSOLUTE (__APP_IVT_BASE) + 0x4)
                  0x000006          0x4 LONG 0x1008 (ABSOLUTE (__APP_IVT_BASE) + 0x8)
                  0x000008          0x4 LONG 0x100c (ABSOLUTE (__APP_IVT_BASE) + 0xc)
                  0x00000a          0x4 LONG 0x1010 (ABSOLUTE (__APP_IVT_BASE) + 0x10)
                  0x00000c          0x4 LONG 0x1014 (ABSOLUTE (__APP_IVT_BASE) + 0x14)
                  0x00000e          0x4 LONG 0x1134 ABSOLUTE (__DEFAULT_VECTOR)
                  0x000010          0x4 LONG 0x1134 ABSOLUTE (__DEFAULT_VECTOR)
                  0x000012          0x4 LONG 0x1134 ABSOLUTE (__DEFAULT_VECTOR)
                  0x000014          0x4 LONG 0x1018 (ABSOLUTE (__APP_IVT_BASE) + 0x18)
                  0x000016          0x4 LONG 0x101c (ABSOLUTE (__APP_IVT_BASE) + 0x1c)
                  0x000018          0x4 LONG 0x1020 (ABSOLUTE (__APP_IVT_BASE) + 0x20)
                  0x00001a          0x4 LONG 0x1024 (ABSOLUTE (__APP_IVT_BASE) + 0x24)
                  0x00001c          0x4 LONG 0x1028 (ABSOLUTE (__APP_IVT_BASE) + 0x28)
                  0x00001e          0x4 LONG 0x102c (ABSOLUTE (__APP_IVT_BASE) + 0x2c)
                  0x000020          0x4 LONG 0x1030 (ABSOLUTE (__APP_IVT_BASE) + 0x30)
                  0x000022          0x4 LONG 0x1034 (ABSOLUTE (__APP_IVT_BASE) + 0x34)
                  0x000024          0x4 LONG 0x1038 (ABSOLUTE (__APP_IVT_BASE) + 0x38)
                  0x000026          0x4 LONG 0x103c (ABSOLUTE (__APP_IVT_BASE) + 0x3c)
                  0x000028          0x4 LONG 0x1040 (ABSOLUTE (__APP_IVT_BASE) + 0x40)
                  0x00002a          0x4 LONG 0x1044 (ABSOLUTE (__APP_IVT_BASE) + 0x44)
                  0x00002c          0x4 LONG 0x1048 (ABSOLUTE (__APP_IVT_BASE) + 0x48)
                  0x00002e          0x4 LONG 0x104c (ABSOLUTE (__APP_IVT_BASE) + 0x4c)
                  0x000030          0x4 LONG 0x1050 (ABSOLUTE (__APP_IVT_BASE) + 0x50)
                  0x000032          0x4 LONG 0x1134 ABSOLUTE (__DEFAULT_VECTOR)
                  0x000034          0x4 LONG 0x1054 (ABSOLUTE (__APP_IVT_BASE) + 0x54)
                  0x000036          0x4 LONG 0x1058 (ABSOLUTE (__APP_IVT_BASE) + 0x58)
                  0x000038          0x4 LONG 0x105c (ABSOLUTE (__APP_IVT_BASE) + 0x5c)
                  0x00003a          0x4 LONG 0x1060 (ABSOLUTE (__APP_IVT_BASE) + 0x60)
                  0x00003c          0x4 LONG 0x1064 (ABSOLUTE (__APP_IVT_BASE) + 0x64)
                  0x00003e          0x4 LONG 0x1134 ABSOLUTE (__DEFAULT_VECTOR)
                  0x000040          0x4 LONG 0x1068 (ABSOLUTE (__APP_IVT_BASE) + 0x68)
                  0x000042          0x4 LONG 0x106c (ABSOLUTE (__APP_IVT_BASE) + 0x6c)
                  0x000044          0x4 LONG 0x1070 (ABSOLUTE (__APP_IVT_BASE) + 0x70)
                  0x000046          0x4 LONG 0x1074 (ABSOLUTE (__APP_IVT_BASE) + 0x74)
                  0x000048          0x4 LONG 0x1078 (ABSOLUTE (__APP_IVT_BASE) + 0x78)
                  0x00004a          0x4 LONG 0x107c (ABSOLUTE (__APP_IVT_BASE) + 0x7c)
                  0x00004c          0x4 LONG 0x1080 (ABSOLUTE (__APP_IVT_BASE) + 0x80)
                  0x00004e          0x4 LONG 0x1084 (ABSOLUTE (__APP_IVT_BASE) + 0x84)
                  0x000050          0x4 LONG 0x1088 (ABSOLUTE (__APP_IVT_BASE) + 0x88)
                  0x000052          0x4 LONG 0x108c (ABSOLUTE (__APP_IVT_BASE) + 0x8c)
                  0x000054          0x4 LONG 0x1090 (ABSOLUTE (__APP_IVT_BASE) + 0x90)
                  0x000056          0x4 LONG 0x1094 (ABSOLUTE (__APP_IVT_BASE) + 0x94)
                  0x000058          0x4 LONG 0x1134 ABSOLUTE (__DEFAULT_VECTOR)
                  0x00005a          0x4 LONG 0x1134 ABSOLUTE (__DEFAULT_VECTOR)
                  0x00005c          0x4 LONG 0x1098 (ABSOLUTE (__APP_IVT_BASE) + 0x98)
                  0x00005e          0x4 LONG 0x109c (ABSOLUTE (__APP_IVT_BASE) + 0x9c)
                  0x000060          0x4 LONG 0x10a0 (ABSOLUTE (__APP_IVT_BASE) + 0xa0)
                  0x000062          0x4 LONG 0x10a4 (ABSOLUTE (__APP_IVT_BASE) + 0xa4)
                  0x000064          0x4 LONG 0x10a8 (ABSOLUTE (__APP_IVT_BASE) + 0xa8)
                  0x000066          0x4 LONG 0x10ac (ABSOLUTE (__APP_IVT_BASE) + 0xac)
                  0x000068          0x4 LONG 0x10b0 (ABSOLUTE (__APP_IVT_BASE) + 0xb0)
                  0x00006a          0x4 LONG 0x10b4 (ABSOLUTE (__APP_IVT_BASE) + 0xb4)
                  0x00006c          0x4 LONG 0x10b8 (ABSOLUTE (__APP_IVT_BASE) + 0xb8)
                  0x00006e          0x4 LONG 0x10bc (ABSOLUTE (__APP_IVT_BASE) + 0xbc)
                  0x000070          0x4 LONG 0x10c0 (ABSOLUTE (__APP_IVT_BASE) + 0xc0)
                  0x000072          0x4 LONG 0x1134 ABSOLUTE (__DEFAULT_VECTOR)
                  0x000074          0x4 LONG 0x1134 ABSOLUTE (__DEFAULT_VECTOR)
                  0x000076          0x4 LONG 0x10c4 (ABSOLUTE (__APP_IVT_BASE) + 0xc4)
                  0x000078          0x4 LONG 0x10c8 (ABSOLUTE (__APP_IVT_BASE) + 0xc8)
                  0x00007a          0x4 LONG 0x1134 ABSOLUTE (__DEFAULT_VECTOR)
                  0x00007c          0x4 LONG 0x1134 ABSOLUTE (__DEFAULT_VECTOR)
                  0x00007e          0x4 LONG 0x10cc (ABSOLUTE (__APP_IVT_BASE) + 0xcc)
                  0x000080          0x4 LONG 0x10d0 (ABSOLUTE (__APP_IVT_BASE) + 0xd0)
                  0x000082          0x4 LONG 0x1134 ABSOLUTE (__DEFAULT_VECTOR)
                  0x000084          0x4 LONG 0x1134 ABSOLUTE (__DEFAULT_VECTOR)
                  0x000086          0x4 LONG 0x1134 ABSOLUTE (__DEFAULT_VECTOR)
                  0x000088          0x4 LONG 0x1134 ABSOLUTE (__DEFAULT_VECTOR)
                  0x00008a          0x4 LONG 0x1134 ABSOLUTE (__DEFAULT_VECTOR)
                  0x00008c          0x4 LONG 0x1134 ABSOLUTE (__DEFAULT_VECTOR)
                  0x00008e          0x4 LONG 0x10d4 (ABSOLUTE (__APP_IVT_BASE) + 0xd4)
                  0x000090          0x4 LONG 0x10d8 (ABSOLUTE (__APP_IVT_BASE) + 0xd8)
                  0x000092          0x4 LONG 0x1134 ABSOLUTE (__DEFAULT_VECTOR)
                  0x000094          0x4 LONG 0x1134 ABSOLUTE (__DEFAULT_VECTOR)
                  0x000096          0x4 LONG 0x10dc (ABSOLUTE (__APP_IVT_BASE) + 0xdc)
                  0x000098          0x4 LONG 0x10e0 (ABSOLUTE (__APP_IVT_BASE) + 0xe0)
                  0x00009a          0x4 LONG 0x10e4 (ABSOLUTE (__APP_IVT_BASE) + 0xe4)
                  0x00009c          0x4 LONG 0x1134 ABSOLUTE (__DEFAULT_VECTOR)
                  0x00009e          0x4 LONG 0x1134 ABSOLUTE (__DEFAULT_VECTOR)
                  0x0000a0          0x4 LONG 0x1134 ABSOLUTE (__DEFAULT_VECTOR)
                  0x0000a2          0x4 LONG 0x1134 ABSOLUTE (__DEFAULT_VECTOR)
                  0x0000a4          0x4 LONG 0x10e8 (ABSOLUTE (__APP_IVT_BASE) + 0xe8)
                  0x0000a6          0x4 LONG 0x1134 ABSOLUTE (__DEFAULT_VECTOR)
                  0x0000a8          0x4 LONG 0x1134 ABSOLUTE (__DEFAULT_VECTOR)
                  0x0000aa          0x4 LONG 0x1134 ABSOLUTE (__DEFAULT_VECTOR)
                  0x0000ac          0x4 LONG 0x1134 ABSOLUTE (__DEFAULT_VECTOR)
                  0x0000ae          0x4 LONG 0x10ec (ABSOLUTE (__APP_IVT_BASE) + 0xec)
                  0x0000b0          0x4 LONG 0x10f0 (ABSOLUTE (__APP_IVT_BASE) + 0xf0)
                  0x0000b2          0x4 LONG 0x10f4 (ABSOLUTE (__APP_IVT_BASE) + 0xf4)
                  0x0000b4          0x4 LONG 0x1134 ABSOLUTE (__DEFAULT_VECTOR)
                  0x0000b6          0x4 LONG 0x10f8 (ABSOLUTE (__APP_IVT_BASE) + 0xf8)
                  0x0000b8          0x4 LONG 0x10fc (ABSOLUTE (__APP_IVT_BASE) + 0xfc)
                  0x0000ba          0x4 LONG 0x1100 (ABSOLUTE (__APP_IVT_BASE) + 0x100)
                  0x0000bc          0x4 LONG 0x1134 ABSOLUTE (__DEFAULT_VECTOR)
                  0x0000be          0x4 LONG 0x1134 ABSOLUTE (__DEFAULT_VECTOR)
                  0x0000c0          0x4 LONG 0x1104 (ABSOLUTE (__APP_IVT_BASE) + 0x104)
                  0x0000c2          0x4 LONG 0x1108 (ABSOLUTE (__APP_IVT_BASE) + 0x108)
                  0x0000c4          0x4 LONG 0x110c (ABSOLUTE (__APP_IVT_BASE) + 0x10c)
                  0x0000c6          0x4 LONG 0x1110 (ABSOLUTE (__APP_IVT_BASE) + 0x110)
                  0x0000c8          0x4 LONG 0x1134 ABSOLUTE (__DEFAULT_VECTOR)
                  0x0000ca          0x4 LONG 0x1134 ABSOLUTE (__DEFAULT_VECTOR)
                  0x0000cc          0x4 LONG 0x1114 (ABSOLUTE (__APP_IVT_BASE) + 0x114)
                  0x0000ce          0x4 LONG 0x1118 (ABSOLUTE (__APP_IVT_BASE) + 0x118)
                  0x0000d0          0x4 LONG 0x1134 ABSOLUTE (__DEFAULT_VECTOR)
                  0x0000d2          0x4 LONG 0x1134 ABSOLUTE (__DEFAULT_VECTOR)
                  0x0000d4          0x4 LONG 0x1134 ABSOLUTE (__DEFAULT_VECTOR)
                  0x0000d6          0x4 LONG 0x1134 ABSOLUTE (__DEFAULT_VECTOR)
                  0x0000d8          0x4 LONG 0x1134 ABSOLUTE (__DEFAULT_VECTOR)
                  0x0000da          0x4 LONG 0x1134 ABSOLUTE (__DEFAULT_VECTOR)
                  0x0000dc          0x4 LONG 0x111c (ABSOLUTE (__APP_IVT_BASE) + 0x11c)
                  0x0000de          0x4 LONG 0x1134 ABSOLUTE (__DEFAULT_VECTOR)
                  0x0000e0          0x4 LONG 0x1134 ABSOLUTE (__DEFAULT_VECTOR)
                  0x0000e2          0x4 LONG 0x1120 (ABSOLUTE (__APP_IVT_BASE) + 0x120)
                  0x0000e4          0x4 LONG 0x1124 (ABSOLUTE (__APP_IVT_BASE) + 0x124)
                  0x0000e6          0x4 LONG 0x1128 (ABSOLUTE (__APP_IVT_BASE) + 0x128)
                  0x0000e8          0x4 LONG 0x112c (ABSOLUTE (__APP_IVT_BASE) + 0x12c)
                  0x0000ea          0x4 LONG 0x1134 ABSOLUTE (__DEFAULT_VECTOR)
                  0x0000ec          0x4 LONG 0x1134 ABSOLUTE (__DEFAULT_VECTOR)
                  0x0000ee          0x4 LONG 0x1134 ABSOLUTE (__DEFAULT_VECTOR)
                  0x0000f0          0x4 LONG 0x1134 ABSOLUTE (__DEFAULT_VECTOR)
                  0x0000f2          0x4 LONG 0x1134 ABSOLUTE (__DEFAULT_VECTOR)
                  0x0000f4          0x4 LONG 0x1134 ABSOLUTE (__DEFAULT_VECTOR)
                  0x0000f6          0x4 LONG 0x1134 ABSOLUTE (__DEFAULT_VECTOR)
                  0x0000f8          0x4 LONG 0x1134 ABSOLUTE (__DEFAULT_VECTOR)
                  0x0000fa          0x4 LONG 0x1134 ABSOLUTE (__DEFAULT_VECTOR)
                  0x0000fc          0x4 LONG 0x1134 ABSOLUTE (__DEFAULT_VECTOR)
                  0x0000fe          0x4 LONG 0x1130 (ABSOLUTE (__APP_IVT_BASE) + 0x130)

.aivt
                    0x0000                  WREG0 = 0x0
                    0x0000                  _WREG0 = 0x0
                    0x0002                  WREG1 = 0x2
                    0x0002                  _WREG1 = 0x2
                    0x0004                  WREG2 = 0x4
                    0x0004                  _WREG2 = 0x4
                    0x0006                  WREG3 = 0x6
                    0x0006                  _WREG3 = 0x6
                    0x0008                  WREG4 = 0x8
                    0x0008                  _WREG4 = 0x8
                    0x000a                  WREG5 = 0xa
                    0x000a                  _WREG5 = 0xa
                    0x000c                  WREG6 = 0xc
                    0x000c                  _WREG6 = 0xc
                    0x000e                  WREG7 = 0xe
                    0x000e                  _WREG7 = 0xe
                    0x0010                  WREG8 = 0x10
                    0x0010                  _WREG8 = 0x10
                    0x0012                  WREG9 = 0x12
                    0x0012                  _WREG9 = 0x12
                    0x0014                  WREG10 = 0x14
                    0x0014                  _WREG10 = 0x14
                    0x0016                  WREG11 = 0x16
                    0x0016                  _WREG11 = 0x16
                    0x0018                  WREG12 = 0x18
                    0x0018                  _WREG12 = 0x18
                    0x001a                  WREG13 = 0x1a
                    0x001a                  _WREG13 = 0x1a
                    0x001c                  WREG14 = 0x1c
                    0x001c                  _WREG14 = 0x1c
                    0x001e                  WREG15 = 0x1e
                    0x001e                  _WREG15 = 0x1e
                    0x0020                  SPLIM = 0x20
                    0x0020                  _SPLIM = 0x20
                    0x002e                  PCL = 0x2e
                    0x002e                  _PCL = 0x2e
                    0x0030                  PCH = 0x30
                    0x0030                  _PCH = 0x30
                    0x0032                  DSRPAG = 0x32
                    0x0032                  _DSRPAG = 0x32
                    0x0032                  _DSRPAGbits = 0x32
                    0x0034                  DSWPAG = 0x34
                    0x0034                  _DSWPAG = 0x34
                    0x0034                  _DSWPAGbits = 0x34
                    0x0036                  RCOUNT = 0x36
                    0x0036                  _RCOUNT = 0x36
                    0x0042                  SR = 0x42
                    0x0042                  _SR = 0x42
                    0x0042                  _SRbits = 0x42
                    0x0044                  CORCON = 0x44
                    0x0044                  _CORCON = 0x44
                    0x0044                  _CORCONbits = 0x44
                    0x0052                  DISICNT = 0x52
                    0x0052                  _DISICNT = 0x52
                    0x0052                  _DISICNTbits = 0x52
                    0x0054                  TBLPAG = 0x54
                    0x0054                  _TBLPAG = 0x54
                    0x0054                  _TBLPAGbits = 0x54
                    0x0056                  CNPD1 = 0x56
                    0x0056                  _CNPD1 = 0x56
                    0x0056                  _CNPD1bits = 0x56
                    0x0058                  CNPD2 = 0x58
                    0x0058                  _CNPD2 = 0x58
                    0x0058                  _CNPD2bits = 0x58
                    0x005a                  CNPD3 = 0x5a
                    0x005a                  _CNPD3 = 0x5a
                    0x005a                  _CNPD3bits = 0x5a
                    0x005c                  CNPD4 = 0x5c
                    0x005c                  _CNPD4 = 0x5c
                    0x005c                  _CNPD4bits = 0x5c
                    0x005e                  CNPD5 = 0x5e
                    0x005e                  _CNPD5 = 0x5e
                    0x005e                  _CNPD5bits = 0x5e
                    0x0060                  CNPD6 = 0x60
                    0x0060                  _CNPD6 = 0x60
                    0x0060                  _CNPD6bits = 0x60
                    0x0062                  CNEN1 = 0x62
                    0x0062                  _CNEN1 = 0x62
                    0x0062                  _CNEN1bits = 0x62
                    0x0064                  CNEN2 = 0x64
                    0x0064                  _CNEN2 = 0x64
                    0x0064                  _CNEN2bits = 0x64
                    0x0066                  CNEN3 = 0x66
                    0x0066                  _CNEN3 = 0x66
                    0x0066                  _CNEN3bits = 0x66
                    0x0068                  CNEN4 = 0x68
                    0x0068                  _CNEN4 = 0x68
                    0x0068                  _CNEN4bits = 0x68
                    0x006a                  CNEN5 = 0x6a
                    0x006a                  _CNEN5 = 0x6a
                    0x006a                  _CNEN5bits = 0x6a
                    0x006c                  CNEN6 = 0x6c
                    0x006c                  _CNEN6 = 0x6c
                    0x006c                  _CNEN6bits = 0x6c
                    0x006e                  CNPU1 = 0x6e
                    0x006e                  _CNPU1 = 0x6e
                    0x006e                  _CNPU1bits = 0x6e
                    0x0070                  CNPU2 = 0x70
                    0x0070                  _CNPU2 = 0x70
                    0x0070                  _CNPU2bits = 0x70
                    0x0072                  CNPU3 = 0x72
                    0x0072                  _CNPU3 = 0x72
                    0x0072                  _CNPU3bits = 0x72
                    0x0074                  CNPU4 = 0x74
                    0x0074                  _CNPU4 = 0x74
                    0x0074                  _CNPU4bits = 0x74
                    0x0076                  CNPU5 = 0x76
                    0x0076                  _CNPU5 = 0x76
                    0x0076                  _CNPU5bits = 0x76
                    0x0078                  CNPU6 = 0x78
                    0x0078                  _CNPU6 = 0x78
                    0x0078                  _CNPU6bits = 0x78
                    0x0080                  INTCON1 = 0x80
                    0x0080                  _INTCON1 = 0x80
                    0x0080                  _INTCON1bits = 0x80
                    0x0082                  INTCON2 = 0x82
                    0x0082                  _INTCON2 = 0x82
                    0x0082                  _INTCON2bits = 0x82
                    0x0084                  IFS0 = 0x84
                    0x0084                  _IFS0 = 0x84
                    0x0084                  _IFS0bits = 0x84
                    0x0086                  IFS1 = 0x86
                    0x0086                  _IFS1 = 0x86
                    0x0086                  _IFS1bits = 0x86
                    0x0088                  IFS2 = 0x88
                    0x0088                  _IFS2 = 0x88
                    0x0088                  _IFS2bits = 0x88
                    0x008a                  IFS3 = 0x8a
                    0x008a                  _IFS3 = 0x8a
                    0x008a                  _IFS3bits = 0x8a
                    0x008c                  IFS4 = 0x8c
                    0x008c                  _IFS4 = 0x8c
                    0x008c                  _IFS4bits = 0x8c
                    0x008e                  IFS5 = 0x8e
                    0x008e                  _IFS5 = 0x8e
                    0x008e                  _IFS5bits = 0x8e
                    0x0090                  IFS6 = 0x90
                    0x0090                  _IFS6 = 0x90
                    0x0090                  _IFS6bits = 0x90
                    0x0092                  IFS7 = 0x92
                    0x0092                  _IFS7 = 0x92
                    0x0092                  _IFS7bits = 0x92
                    0x0094                  IEC0 = 0x94
                    0x0094                  _IEC0 = 0x94
                    0x0094                  _IEC0bits = 0x94
                    0x0096                  IEC1 = 0x96
                    0x0096                  _IEC1 = 0x96
                    0x0096                  _IEC1bits = 0x96
                    0x0098                  IEC2 = 0x98
                    0x0098                  _IEC2 = 0x98
                    0x0098                  _IEC2bits = 0x98
                    0x009a                  IEC3 = 0x9a
                    0x009a                  _IEC3 = 0x9a
                    0x009a                  _IEC3bits = 0x9a
                    0x009c                  IEC4 = 0x9c
                    0x009c                  _IEC4 = 0x9c
                    0x009c                  _IEC4bits = 0x9c
                    0x009e                  IEC5 = 0x9e
                    0x009e                  _IEC5 = 0x9e
                    0x009e                  _IEC5bits = 0x9e
                    0x00a0                  IEC6 = 0xa0
                    0x00a0                  _IEC6 = 0xa0
                    0x00a0                  _IEC6bits = 0xa0
                    0x00a2                  IEC7 = 0xa2
                    0x00a2                  _IEC7 = 0xa2
                    0x00a2                  _IEC7bits = 0xa2
                    0x00a4                  IPC0 = 0xa4
                    0x00a4                  _IPC0 = 0xa4
                    0x00a4                  _IPC0bits = 0xa4
                    0x00a6                  IPC1 = 0xa6
                    0x00a6                  _IPC1 = 0xa6
                    0x00a6                  _IPC1bits = 0xa6
                    0x00a8                  IPC2 = 0xa8
                    0x00a8                  _IPC2 = 0xa8
                    0x00a8                  _IPC2bits = 0xa8
                    0x00aa                  IPC3 = 0xaa
                    0x00aa                  _IPC3 = 0xaa
                    0x00aa                  _IPC3bits = 0xaa
                    0x00ac                  IPC4 = 0xac
                    0x00ac                  _IPC4 = 0xac
                    0x00ac                  _IPC4bits = 0xac
                    0x00ae                  IPC5 = 0xae
                    0x00ae                  _IPC5 = 0xae
                    0x00ae                  _IPC5bits = 0xae
                    0x00b0                  IPC6 = 0xb0
                    0x00b0                  _IPC6 = 0xb0
                    0x00b0                  _IPC6bits = 0xb0
                    0x00b2                  IPC7 = 0xb2
                    0x00b2                  _IPC7 = 0xb2
                    0x00b2                  _IPC7bits = 0xb2
                    0x00b4                  IPC8 = 0xb4
                    0x00b4                  _IPC8 = 0xb4
                    0x00b4                  _IPC8bits = 0xb4
                    0x00b6                  IPC9 = 0xb6
                    0x00b6                  _IPC9 = 0xb6
                    0x00b6                  _IPC9bits = 0xb6
                    0x00b8                  IPC10 = 0xb8
                    0x00b8                  _IPC10 = 0xb8
                    0x00b8                  _IPC10bits = 0xb8
                    0x00ba                  IPC11 = 0xba
                    0x00ba                  _IPC11 = 0xba
                    0x00ba                  _IPC11bits = 0xba
                    0x00bc                  IPC12 = 0xbc
                    0x00bc                  _IPC12 = 0xbc
                    0x00bc                  _IPC12bits = 0xbc
                    0x00be                  IPC13 = 0xbe
                    0x00be                  _IPC13 = 0xbe
                    0x00be                  _IPC13bits = 0xbe
                    0x00c2                  IPC15 = 0xc2
                    0x00c2                  _IPC15 = 0xc2
                    0x00c2                  _IPC15bits = 0xc2
                    0x00c4                  IPC16 = 0xc4
                    0x00c4                  _IPC16 = 0xc4
                    0x00c4                  _IPC16bits = 0xc4
                    0x00c8                  IPC18 = 0xc8
                    0x00c8                  _IPC18 = 0xc8
                    0x00c8                  _IPC18bits = 0xc8
                    0x00ca                  IPC19 = 0xca
                    0x00ca                  _IPC19 = 0xca
                    0x00ca                  _IPC19bits = 0xca
                    0x00cc                  IPC20 = 0xcc
                    0x00cc                  _IPC20 = 0xcc
                    0x00cc                  _IPC20bits = 0xcc
                    0x00ce                  IPC21 = 0xce
                    0x00ce                  _IPC21 = 0xce
                    0x00ce                  _IPC21bits = 0xce
                    0x00d0                  IPC22 = 0xd0
                    0x00d0                  _IPC22 = 0xd0
                    0x00d0                  _IPC22bits = 0xd0
                    0x00d2                  IPC23 = 0xd2
                    0x00d2                  _IPC23 = 0xd2
                    0x00d2                  _IPC23bits = 0xd2
                    0x00d6                  IPC25 = 0xd6
                    0x00d6                  _IPC25 = 0xd6
                    0x00d6                  _IPC25bits = 0xd6
                    0x00d8                  IPC26 = 0xd8
                    0x00d8                  _IPC26 = 0xd8
                    0x00d8                  _IPC26bits = 0xd8
                    0x00de                  IPC29 = 0xde
                    0x00de                  _IPC29 = 0xde
                    0x00de                  _IPC29bits = 0xde
                    0x00e0                  INTTREG = 0xe0
                    0x00e0                  _INTTREG = 0xe0
                    0x00e0                  _INTTREGbits = 0xe0
                    0x0100                  TMR1 = 0x100
                    0x0100                  _TMR1 = 0x100
                    0x0102                  PR1 = 0x102
                    0x0102                  _PR1 = 0x102
                    0x0104                  T1CON = 0x104
                    0x0104                  _T1CON = 0x104
                    0x0104                  _T1CONbits = 0x104
                    0x0106                  TMR2 = 0x106
                    0x0106                  _TMR2 = 0x106
                    0x0108                  TMR3HLD = 0x108
                    0x0108                  _TMR3HLD = 0x108
                    0x010a                  TMR3 = 0x10a
                    0x010a                  _TMR3 = 0x10a
                    0x010c                  PR2 = 0x10c
                    0x010c                  _PR2 = 0x10c
                    0x010e                  PR3 = 0x10e
                    0x010e                  _PR3 = 0x10e
                    0x0110                  T2CON = 0x110
                    0x0110                  _T2CON = 0x110
                    0x0110                  _T2CONbits = 0x110
                    0x0112                  T3CON = 0x112
                    0x0112                  _T3CON = 0x112
                    0x0112                  _T3CONbits = 0x112
                    0x0114                  TMR4 = 0x114
                    0x0114                  _TMR4 = 0x114
                    0x0116                  TMR5HLD = 0x116
                    0x0116                  _TMR5HLD = 0x116
                    0x0118                  TMR5 = 0x118
                    0x0118                  _TMR5 = 0x118
                    0x011a                  PR4 = 0x11a
                    0x011a                  _PR4 = 0x11a
                    0x011c                  PR5 = 0x11c
                    0x011c                  _PR5 = 0x11c
                    0x011e                  T4CON = 0x11e
                    0x011e                  _T4CON = 0x11e
                    0x011e                  _T4CONbits = 0x11e
                    0x0120                  T5CON = 0x120
                    0x0120                  _T5CON = 0x120
                    0x0120                  _T5CONbits = 0x120
                    0x0140                  IC1CON1 = 0x140
                    0x0140                  _IC1CON1 = 0x140
                    0x0140                  _IC1CON1bits = 0x140
                    0x0142                  IC1CON2 = 0x142
                    0x0142                  _IC1CON2 = 0x142
                    0x0142                  _IC1CON2bits = 0x142
                    0x0144                  IC1BUF = 0x144
                    0x0144                  _IC1BUF = 0x144
                    0x0146                  IC1TMR = 0x146
                    0x0146                  _IC1TMR = 0x146
                    0x0148                  IC2CON1 = 0x148
                    0x0148                  _IC2CON1 = 0x148
                    0x0148                  _IC2CON1bits = 0x148
                    0x014a                  IC2CON2 = 0x14a
                    0x014a                  _IC2CON2 = 0x14a
                    0x014a                  _IC2CON2bits = 0x14a
                    0x014c                  IC2BUF = 0x14c
                    0x014c                  _IC2BUF = 0x14c
                    0x014e                  IC2TMR = 0x14e
                    0x014e                  _IC2TMR = 0x14e
                    0x0150                  IC3CON1 = 0x150
                    0x0150                  _IC3CON1 = 0x150
                    0x0150                  _IC3CON1bits = 0x150
                    0x0152                  IC3CON2 = 0x152
                    0x0152                  _IC3CON2 = 0x152
                    0x0152                  _IC3CON2bits = 0x152
                    0x0154                  IC3BUF = 0x154
                    0x0154                  _IC3BUF = 0x154
                    0x0156                  IC3TMR = 0x156
                    0x0156                  _IC3TMR = 0x156
                    0x0158                  IC4CON1 = 0x158
                    0x0158                  _IC4CON1 = 0x158
                    0x0158                  _IC4CON1bits = 0x158
                    0x015a                  IC4CON2 = 0x15a
                    0x015a                  _IC4CON2 = 0x15a
                    0x015a                  _IC4CON2bits = 0x15a
                    0x015c                  IC4BUF = 0x15c
                    0x015c                  _IC4BUF = 0x15c
                    0x015e                  IC4TMR = 0x15e
                    0x015e                  _IC4TMR = 0x15e
                    0x0160                  IC5CON1 = 0x160
                    0x0160                  _IC5CON1 = 0x160
                    0x0160                  _IC5CON1bits = 0x160
                    0x0162                  IC5CON2 = 0x162
                    0x0162                  _IC5CON2 = 0x162
                    0x0162                  _IC5CON2bits = 0x162
                    0x0164                  IC5BUF = 0x164
                    0x0164                  _IC5BUF = 0x164
                    0x0166                  IC5TMR = 0x166
                    0x0166                  _IC5TMR = 0x166
                    0x0168                  IC6CON1 = 0x168
                    0x0168                  _IC6CON1 = 0x168
                    0x0168                  _IC6CON1bits = 0x168
                    0x016a                  IC6CON2 = 0x16a
                    0x016a                  _IC6CON2 = 0x16a
                    0x016a                  _IC6CON2bits = 0x16a
                    0x016c                  IC6BUF = 0x16c
                    0x016c                  _IC6BUF = 0x16c
                    0x016e                  IC6TMR = 0x16e
                    0x016e                  _IC6TMR = 0x16e
                    0x0170                  IC7CON1 = 0x170
                    0x0170                  _IC7CON1 = 0x170
                    0x0170                  _IC7CON1bits = 0x170
                    0x0172                  IC7CON2 = 0x172
                    0x0172                  _IC7CON2 = 0x172
                    0x0172                  _IC7CON2bits = 0x172
                    0x0174                  IC7BUF = 0x174
                    0x0174                  _IC7BUF = 0x174
                    0x0176                  IC7TMR = 0x176
                    0x0176                  _IC7TMR = 0x176
                    0x0178                  IC8CON1 = 0x178
                    0x0178                  _IC8CON1 = 0x178
                    0x0178                  _IC8CON1bits = 0x178
                    0x017a                  IC8CON2 = 0x17a
                    0x017a                  _IC8CON2 = 0x17a
                    0x017a                  _IC8CON2bits = 0x17a
                    0x017c                  IC8BUF = 0x17c
                    0x017c                  _IC8BUF = 0x17c
                    0x017e                  IC8TMR = 0x17e
                    0x017e                  _IC8TMR = 0x17e
                    0x0180                  IC9CON1 = 0x180
                    0x0180                  _IC9CON1 = 0x180
                    0x0180                  _IC9CON1bits = 0x180
                    0x0182                  IC9CON2 = 0x182
                    0x0182                  _IC9CON2 = 0x182
                    0x0182                  _IC9CON2bits = 0x182
                    0x0184                  IC9BUF = 0x184
                    0x0184                  _IC9BUF = 0x184
                    0x0186                  IC9TMR = 0x186
                    0x0186                  _IC9TMR = 0x186
                    0x0190                  OC1CON1 = 0x190
                    0x0190                  _OC1CON1 = 0x190
                    0x0190                  _OC1CON1bits = 0x190
                    0x0192                  OC1CON2 = 0x192
                    0x0192                  _OC1CON2 = 0x192
                    0x0192                  _OC1CON2bits = 0x192
                    0x0194                  OC1RS = 0x194
                    0x0194                  _OC1RS = 0x194
                    0x0196                  OC1R = 0x196
                    0x0196                  _OC1R = 0x196
                    0x0198                  OC1TMR = 0x198
                    0x0198                  _OC1TMR = 0x198
                    0x019a                  OC2CON1 = 0x19a
                    0x019a                  _OC2CON1 = 0x19a
                    0x019a                  _OC2CON1bits = 0x19a
                    0x019c                  OC2CON2 = 0x19c
                    0x019c                  _OC2CON2 = 0x19c
                    0x019c                  _OC2CON2bits = 0x19c
                    0x019e                  OC2RS = 0x19e
                    0x019e                  _OC2RS = 0x19e
                    0x01a0                  OC2R = 0x1a0
                    0x01a0                  _OC2R = 0x1a0
                    0x01a2                  OC2TMR = 0x1a2
                    0x01a2                  _OC2TMR = 0x1a2
                    0x01a4                  OC3CON1 = 0x1a4
                    0x01a4                  _OC3CON1 = 0x1a4
                    0x01a4                  _OC3CON1bits = 0x1a4
                    0x01a6                  OC3CON2 = 0x1a6
                    0x01a6                  _OC3CON2 = 0x1a6
                    0x01a6                  _OC3CON2bits = 0x1a6
                    0x01a8                  OC3RS = 0x1a8
                    0x01a8                  _OC3RS = 0x1a8
                    0x01aa                  OC3R = 0x1aa
                    0x01aa                  _OC3R = 0x1aa
                    0x01ac                  OC3TMR = 0x1ac
                    0x01ac                  _OC3TMR = 0x1ac
                    0x01ae                  OC4CON1 = 0x1ae
                    0x01ae                  _OC4CON1 = 0x1ae
                    0x01ae                  _OC4CON1bits = 0x1ae
                    0x01b0                  OC4CON2 = 0x1b0
                    0x01b0                  _OC4CON2 = 0x1b0
                    0x01b0                  _OC4CON2bits = 0x1b0
                    0x01b2                  OC4RS = 0x1b2
                    0x01b2                  _OC4RS = 0x1b2
                    0x01b4                  OC4R = 0x1b4
                    0x01b4                  _OC4R = 0x1b4
                    0x01b6                  OC4TMR = 0x1b6
                    0x01b6                  _OC4TMR = 0x1b6
                    0x01b8                  OC5CON1 = 0x1b8
                    0x01b8                  _OC5CON1 = 0x1b8
                    0x01b8                  _OC5CON1bits = 0x1b8
                    0x01ba                  OC5CON2 = 0x1ba
                    0x01ba                  _OC5CON2 = 0x1ba
                    0x01ba                  _OC5CON2bits = 0x1ba
                    0x01bc                  OC5RS = 0x1bc
                    0x01bc                  _OC5RS = 0x1bc
                    0x01be                  OC5R = 0x1be
                    0x01be                  _OC5R = 0x1be
                    0x01c0                  OC5TMR = 0x1c0
                    0x01c0                  _OC5TMR = 0x1c0
                    0x01c2                  OC6CON1 = 0x1c2
                    0x01c2                  _OC6CON1 = 0x1c2
                    0x01c2                  _OC6CON1bits = 0x1c2
                    0x01c4                  OC6CON2 = 0x1c4
                    0x01c4                  _OC6CON2 = 0x1c4
                    0x01c4                  _OC6CON2bits = 0x1c4
                    0x01c6                  OC6RS = 0x1c6
                    0x01c6                  _OC6RS = 0x1c6
                    0x01c8                  OC6R = 0x1c8
                    0x01c8                  _OC6R = 0x1c8
                    0x01ca                  OC6TMR = 0x1ca
                    0x01ca                  _OC6TMR = 0x1ca
                    0x01cc                  OC7CON1 = 0x1cc
                    0x01cc                  _OC7CON1 = 0x1cc
                    0x01cc                  _OC7CON1bits = 0x1cc
                    0x01ce                  OC7CON2 = 0x1ce
                    0x01ce                  _OC7CON2 = 0x1ce
                    0x01ce                  _OC7CON2bits = 0x1ce
                    0x01d0                  OC7RS = 0x1d0
                    0x01d0                  _OC7RS = 0x1d0
                    0x01d2                  OC7R = 0x1d2
                    0x01d2                  _OC7R = 0x1d2
                    0x01d4                  OC7TMR = 0x1d4
                    0x01d4                  _OC7TMR = 0x1d4
                    0x01d6                  OC8CON1 = 0x1d6
                    0x01d6                  _OC8CON1 = 0x1d6
                    0x01d6                  _OC8CON1bits = 0x1d6
                    0x01d8                  OC8CON2 = 0x1d8
                    0x01d8                  _OC8CON2 = 0x1d8
                    0x01d8                  _OC8CON2bits = 0x1d8
                    0x01da                  OC8RS = 0x1da
                    0x01da                  _OC8RS = 0x1da
                    0x01dc                  OC8R = 0x1dc
                    0x01dc                  _OC8R = 0x1dc
                    0x01de                  OC8TMR = 0x1de
                    0x01de                  _OC8TMR = 0x1de
                    0x01e0                  OC9CON1 = 0x1e0
                    0x01e0                  _OC9CON1 = 0x1e0
                    0x01e0                  _OC9CON1bits = 0x1e0
                    0x01e2                  OC9CON2 = 0x1e2
                    0x01e2                  _OC9CON2 = 0x1e2
                    0x01e2                  _OC9CON2bits = 0x1e2
                    0x01e4                  OC9RS = 0x1e4
                    0x01e4                  _OC9RS = 0x1e4
                    0x01e6                  OC9R = 0x1e6
                    0x01e6                  _OC9R = 0x1e6
                    0x01e8                  OC9TMR = 0x1e8
                    0x01e8                  _OC9TMR = 0x1e8
                    0x0200                  I2C1RCV = 0x200
                    0x0200                  _I2C1RCV = 0x200
                    0x0202                  I2C1TRN = 0x202
                    0x0202                  _I2C1TRN = 0x202
                    0x0204                  I2C1BRG = 0x204
                    0x0204                  _I2C1BRG = 0x204
                    0x0206                  I2C1CON = 0x206
                    0x0206                  _I2C1CON = 0x206
                    0x0206                  _I2C1CONbits = 0x206
                    0x0208                  I2C1STAT = 0x208
                    0x0208                  _I2C1STAT = 0x208
                    0x0208                  _I2C1STATbits = 0x208
                    0x020a                  I2C1ADD = 0x20a
                    0x020a                  _I2C1ADD = 0x20a
                    0x020c                  I2C1MSK = 0x20c
                    0x020c                  _I2C1MSK = 0x20c
                    0x0210                  I2C2RCV = 0x210
                    0x0210                  _I2C2RCV = 0x210
                    0x0212                  I2C2TRN = 0x212
                    0x0212                  _I2C2TRN = 0x212
                    0x0214                  I2C2BRG = 0x214
                    0x0214                  _I2C2BRG = 0x214
                    0x0216                  I2C2CON = 0x216
                    0x0216                  _I2C2CON = 0x216
                    0x0216                  _I2C2CONbits = 0x216
                    0x0218                  I2C2STAT = 0x218
                    0x0218                  _I2C2STAT = 0x218
                    0x0218                  _I2C2STATbits = 0x218
                    0x021a                  I2C2ADD = 0x21a
                    0x021a                  _I2C2ADD = 0x21a
                    0x021c                  I2C2MSK = 0x21c
                    0x021c                  _I2C2MSK = 0x21c
                    0x0220                  U1MODE = 0x220
                    0x0220                  _U1MODE = 0x220
                    0x0220                  _U1MODEbits = 0x220
                    0x0222                  U1STA = 0x222
                    0x0222                  _U1STA = 0x222
                    0x0222                  _U1STAbits = 0x222
                    0x0224                  U1TXREG = 0x224
                    0x0224                  _U1TXREG = 0x224
                    0x0226                  U1RXREG = 0x226
                    0x0226                  _U1RXREG = 0x226
                    0x0228                  U1BRG = 0x228
                    0x0228                  _U1BRG = 0x228
                    0x0230                  U2MODE = 0x230
                    0x0230                  _U2MODE = 0x230
                    0x0230                  _U2MODEbits = 0x230
                    0x0232                  U2STA = 0x232
                    0x0232                  _U2STA = 0x232
                    0x0232                  _U2STAbits = 0x232
                    0x0234                  U2TXREG = 0x234
                    0x0234                  _U2TXREG = 0x234
                    0x0236                  U2RXREG = 0x236
                    0x0236                  _U2RXREG = 0x236
                    0x0238                  U2BRG = 0x238
                    0x0238                  _U2BRG = 0x238
                    0x0240                  SPI1STAT = 0x240
                    0x0240                  _SPI1STAT = 0x240
                    0x0240                  _SPI1STATbits = 0x240
                    0x0242                  SPI1CON1 = 0x242
                    0x0242                  _SPI1CON1 = 0x242
                    0x0242                  _SPI1CON1bits = 0x242
                    0x0244                  SPI1CON2 = 0x244
                    0x0244                  _SPI1CON2 = 0x244
                    0x0244                  _SPI1CON2bits = 0x244
                    0x0248                  SPI1BUF = 0x248
                    0x0248                  _SPI1BUF = 0x248
                    0x024a                  AMP1CON = 0x24a
                    0x024a                  _AMP1CON = 0x24a
                    0x024a                  _AMP1CONbits = 0x24a
                    0x024c                  AMP2CON = 0x24c
                    0x024c                  _AMP2CON = 0x24c
                    0x024c                  _AMP2CONbits = 0x24c
                    0x0250                  U3MODE = 0x250
                    0x0250                  _U3MODE = 0x250
                    0x0250                  _U3MODEbits = 0x250
                    0x0252                  U3STA = 0x252
                    0x0252                  _U3STA = 0x252
                    0x0252                  _U3STAbits = 0x252
                    0x0254                  U3TXREG = 0x254
                    0x0254                  _U3TXREG = 0x254
                    0x0256                  U3RXREG = 0x256
                    0x0256                  _U3RXREG = 0x256
                    0x0258                  U3BRG = 0x258
                    0x0258                  _U3BRG = 0x258
                    0x0260                  SPI2STAT = 0x260
                    0x0260                  _SPI2STAT = 0x260
                    0x0260                  _SPI2STATbits = 0x260
                    0x0262                  SPI2CON1 = 0x262
                    0x0262                  _SPI2CON1 = 0x262
                    0x0262                  _SPI2CON1bits = 0x262
                    0x0264                  SPI2CON2 = 0x264
                    0x0264                  _SPI2CON2 = 0x264
                    0x0264                  _SPI2CON2bits = 0x264
                    0x0268                  SPI2BUF = 0x268
                    0x0268                  _SPI2BUF = 0x268
                    0x02b0                  U4MODE = 0x2b0
                    0x02b0                  _U4MODE = 0x2b0
                    0x02b0                  _U4MODEbits = 0x2b0
                    0x02b2                  U4STA = 0x2b2
                    0x02b2                  _U4STA = 0x2b2
                    0x02b2                  _U4STAbits = 0x2b2
                    0x02b4                  U4TXREG = 0x2b4
                    0x02b4                  _U4TXREG = 0x2b4
                    0x02b6                  U4RXREG = 0x2b6
                    0x02b6                  _U4RXREG = 0x2b6
                    0x02b8                  U4BRG = 0x2b8
                    0x02b8                  _U4BRG = 0x2b8
                    0x02c8                  TRISB = 0x2c8
                    0x02c8                  _TRISB = 0x2c8
                    0x02c8                  _TRISBbits = 0x2c8
                    0x02ca                  PORTB = 0x2ca
                    0x02ca                  _PORTB = 0x2ca
                    0x02ca                  _PORTBbits = 0x2ca
                    0x02cc                  LATB = 0x2cc
                    0x02cc                  _LATB = 0x2cc
                    0x02cc                  _LATBbits = 0x2cc
                    0x02ce                  ODCB = 0x2ce
                    0x02ce                  _ODCB = 0x2ce
                    0x02ce                  _ODCBbits = 0x2ce
                    0x02d0                  TRISC = 0x2d0
                    0x02d0                  _TRISC = 0x2d0
                    0x02d0                  _TRISCbits = 0x2d0
                    0x02d2                  PORTC = 0x2d2
                    0x02d2                  _PORTC = 0x2d2
                    0x02d2                  _PORTCbits = 0x2d2
                    0x02d4                  LATC = 0x2d4
                    0x02d4                  _LATC = 0x2d4
                    0x02d4                  _LATCbits = 0x2d4
                    0x02d6                  ODCC = 0x2d6
                    0x02d6                  _ODCC = 0x2d6
                    0x02d6                  _ODCCbits = 0x2d6
                    0x02d8                  TRISD = 0x2d8
                    0x02d8                  _TRISD = 0x2d8
                    0x02d8                  _TRISDbits = 0x2d8
                    0x02da                  PORTD = 0x2da
                    0x02da                  _PORTD = 0x2da
                    0x02da                  _PORTDbits = 0x2da
                    0x02dc                  LATD = 0x2dc
                    0x02dc                  _LATD = 0x2dc
                    0x02dc                  _LATDbits = 0x2dc
                    0x02de                  ODCD = 0x2de
                    0x02de                  _ODCD = 0x2de
                    0x02de                  _ODCDbits = 0x2de
                    0x02e0                  TRISE = 0x2e0
                    0x02e0                  _TRISE = 0x2e0
                    0x02e0                  _TRISEbits = 0x2e0
                    0x02e2                  PORTE = 0x2e2
                    0x02e2                  _PORTE = 0x2e2
                    0x02e2                  _PORTEbits = 0x2e2
                    0x02e4                  LATE = 0x2e4
                    0x02e4                  _LATE = 0x2e4
                    0x02e4                  _LATEbits = 0x2e4
                    0x02e6                  ODCE = 0x2e6
                    0x02e6                  _ODCE = 0x2e6
                    0x02e6                  _ODCEbits = 0x2e6
                    0x02e8                  TRISF = 0x2e8
                    0x02e8                  _TRISF = 0x2e8
                    0x02e8                  _TRISFbits = 0x2e8
                    0x02ea                  PORTF = 0x2ea
                    0x02ea                  _PORTF = 0x2ea
                    0x02ea                  _PORTFbits = 0x2ea
                    0x02ec                  LATF = 0x2ec
                    0x02ec                  _LATF = 0x2ec
                    0x02ec                  _LATFbits = 0x2ec
                    0x02ee                  ODCF = 0x2ee
                    0x02ee                  _ODCF = 0x2ee
                    0x02ee                  _ODCFbits = 0x2ee
                    0x02f0                  TRISG = 0x2f0
                    0x02f0                  _TRISG = 0x2f0
                    0x02f0                  _TRISGbits = 0x2f0
                    0x02f2                  PORTG = 0x2f2
                    0x02f2                  _PORTG = 0x2f2
                    0x02f2                  _PORTGbits = 0x2f2
                    0x02f4                  LATG = 0x2f4
                    0x02f4                  _LATG = 0x2f4
                    0x02f4                  _LATGbits = 0x2f4
                    0x02f6                  ODCG = 0x2f6
                    0x02f6                  _ODCG = 0x2f6
                    0x02f6                  _ODCGbits = 0x2f6
                    0x02fc                  PADCFG1 = 0x2fc
                    0x02fc                  _PADCFG1 = 0x2fc
                    0x02fc                  _PADCFG1bits = 0x2fc
                    0x0300                  ADTBL0 = 0x300
                    0x0300                  _ADTBL0 = 0x300
                    0x0300                  _ADTBL0bits = 0x300
                    0x0302                  ADTBL1 = 0x302
                    0x0302                  _ADTBL1 = 0x302
                    0x0302                  _ADTBL1bits = 0x302
                    0x0304                  ADTBL2 = 0x304
                    0x0304                  _ADTBL2 = 0x304
                    0x0304                  _ADTBL2bits = 0x304
                    0x0306                  ADTBL3 = 0x306
                    0x0306                  _ADTBL3 = 0x306
                    0x0306                  _ADTBL3bits = 0x306
                    0x0308                  ADTBL4 = 0x308
                    0x0308                  _ADTBL4 = 0x308
                    0x0308                  _ADTBL4bits = 0x308
                    0x030a                  ADTBL5 = 0x30a
                    0x030a                  _ADTBL5 = 0x30a
                    0x030a                  _ADTBL5bits = 0x30a
                    0x030c                  ADTBL6 = 0x30c
                    0x030c                  _ADTBL6 = 0x30c
                    0x030c                  _ADTBL6bits = 0x30c
                    0x030e                  ADTBL7 = 0x30e
                    0x030e                  _ADTBL7 = 0x30e
                    0x030e                  _ADTBL7bits = 0x30e
                    0x0310                  ADTBL8 = 0x310
                    0x0310                  _ADTBL8 = 0x310
                    0x0310                  _ADTBL8bits = 0x310
                    0x0312                  ADTBL9 = 0x312
                    0x0312                  _ADTBL9 = 0x312
                    0x0312                  _ADTBL9bits = 0x312
                    0x0314                  ADTBL10 = 0x314
                    0x0314                  _ADTBL10 = 0x314
                    0x0314                  _ADTBL10bits = 0x314
                    0x0316                  ADTBL11 = 0x316
                    0x0316                  _ADTBL11 = 0x316
                    0x0316                  _ADTBL11bits = 0x316
                    0x0318                  ADTBL12 = 0x318
                    0x0318                  _ADTBL12 = 0x318
                    0x0318                  _ADTBL12bits = 0x318
                    0x031a                  ADTBL13 = 0x31a
                    0x031a                  _ADTBL13 = 0x31a
                    0x031a                  _ADTBL13bits = 0x31a
                    0x031c                  ADTBL14 = 0x31c
                    0x031c                  _ADTBL14 = 0x31c
                    0x031c                  _ADTBL14bits = 0x31c
                    0x031e                  ADTBL15 = 0x31e
                    0x031e                  _ADTBL15 = 0x31e
                    0x031e                  _ADTBL15bits = 0x31e
                    0x0320                  ADTBL16 = 0x320
                    0x0320                  _ADTBL16 = 0x320
                    0x0320                  _ADTBL16bits = 0x320
                    0x0322                  ADTBL17 = 0x322
                    0x0322                  _ADTBL17 = 0x322
                    0x0322                  _ADTBL17bits = 0x322
                    0x0324                  ADTBL18 = 0x324
                    0x0324                  _ADTBL18 = 0x324
                    0x0324                  _ADTBL18bits = 0x324
                    0x0326                  ADTBL19 = 0x326
                    0x0326                  _ADTBL19 = 0x326
                    0x0326                  _ADTBL19bits = 0x326
                    0x0328                  ADTBL20 = 0x328
                    0x0328                  _ADTBL20 = 0x328
                    0x0328                  _ADTBL20bits = 0x328
                    0x032a                  ADTBL21 = 0x32a
                    0x032a                  _ADTBL21 = 0x32a
                    0x032a                  _ADTBL21bits = 0x32a
                    0x032c                  ADTBL22 = 0x32c
                    0x032c                  _ADTBL22 = 0x32c
                    0x032c                  _ADTBL22bits = 0x32c
                    0x032e                  ADTBL23 = 0x32e
                    0x032e                  _ADTBL23 = 0x32e
                    0x032e                  _ADTBL23bits = 0x32e
                    0x0330                  ADTBL24 = 0x330
                    0x0330                  _ADTBL24 = 0x330
                    0x0330                  _ADTBL24bits = 0x330
                    0x0332                  ADTBL25 = 0x332
                    0x0332                  _ADTBL25 = 0x332
                    0x0332                  _ADTBL25bits = 0x332
                    0x0334                  ADTBL26 = 0x334
                    0x0334                  _ADTBL26 = 0x334
                    0x0334                  _ADTBL26bits = 0x334
                    0x0336                  ADTBL27 = 0x336
                    0x0336                  _ADTBL27 = 0x336
                    0x0336                  _ADTBL27bits = 0x336
                    0x0338                  ADTBL28 = 0x338
                    0x0338                  _ADTBL28 = 0x338
                    0x0338                  _ADTBL28bits = 0x338
                    0x033a                  ADTBL29 = 0x33a
                    0x033a                  _ADTBL29 = 0x33a
                    0x033a                  _ADTBL29bits = 0x33a
                    0x033c                  ADTBL30 = 0x33c